Component: ARM Compiler 5.06 update 7 (build 960) Tool: armlink [4d3601]

==============================================================================

Section Cross References

    startup_stm32f407xx.o(STACK) refers (Special) to heapauxi.o(.text) for __use_two_region_memory
    startup_stm32f407xx.o(HEAP) refers (Special) to heapauxi.o(.text) for __use_two_region_memory
    startup_stm32f407xx.o(RESET) refers (Special) to heapauxi.o(.text) for __use_two_region_memory
    startup_stm32f407xx.o(RESET) refers to startup_stm32f407xx.o(STACK) for __initial_sp
    startup_stm32f407xx.o(RESET) refers to startup_stm32f407xx.o(.text) for Reset_Handler
    startup_stm32f407xx.o(RESET) refers to stm32f4xx_it.o(i.NMI_Handler) for NMI_Handler
    startup_stm32f407xx.o(RESET) refers to stm32f4xx_it.o(i.HardFault_Handler) for HardFault_Handler
    startup_stm32f407xx.o(RESET) refers to stm32f4xx_it.o(i.MemManage_Handler) for MemManage_Handler
    startup_stm32f407xx.o(RESET) refers to stm32f4xx_it.o(i.BusFault_Handler) for BusFault_Handler
    startup_stm32f407xx.o(RESET) refers to stm32f4xx_it.o(i.UsageFault_Handler) for UsageFault_Handler
    startup_stm32f407xx.o(RESET) refers to port.o(.emb_text) for SVC_Handler
    startup_stm32f407xx.o(RESET) refers to stm32f4xx_it.o(i.DebugMon_Handler) for DebugMon_Handler
    startup_stm32f407xx.o(RESET) refers to stm32f4xx_it.o(i.SysTick_Handler) for SysTick_Handler
    startup_stm32f407xx.o(RESET) refers to stm32f4xx_it.o(i.EXTI0_IRQHandler) for EXTI0_IRQHandler
    startup_stm32f407xx.o(RESET) refers to stm32f4xx_it.o(i.EXTI3_IRQHandler) for EXTI3_IRQHandler
    startup_stm32f407xx.o(RESET) refers to stm32f4xx_it.o(i.EXTI4_IRQHandler) for EXTI4_IRQHandler
    startup_stm32f407xx.o(RESET) refers to stm32f4xx_it.o(i.EXTI9_5_IRQHandler) for EXTI9_5_IRQHandler
    startup_stm32f407xx.o(RESET) refers to ins_task.o(i.DMA2_Stream2_IRQHandler) for DMA2_Stream2_IRQHandler
    startup_stm32f407xx.o(.text) refers (Special) to heapauxi.o(.text) for __use_two_region_memory
    startup_stm32f407xx.o(.text) refers to system_stm32f4xx.o(i.SystemInit) for SystemInit
    startup_stm32f407xx.o(.text) refers to __main.o(!!!main) for __main
    startup_stm32f407xx.o(.text) refers to startup_stm32f407xx.o(HEAP) for Heap_Mem
    startup_stm32f407xx.o(.text) refers to startup_stm32f407xx.o(STACK) for Stack_Mem
    main.o(i.SystemClock_Config) refers to rt_memclr_w.o(.text) for __aeabi_memclr4
    main.o(i.SystemClock_Config) refers to stm32f4xx_hal_rcc.o(i.HAL_RCC_OscConfig) for HAL_RCC_OscConfig
    main.o(i.SystemClock_Config) refers to main.o(i.Error_Handler) for Error_Handler
    main.o(i.SystemClock_Config) refers to stm32f4xx_hal_rcc.o(i.HAL_RCC_ClockConfig) for HAL_RCC_ClockConfig
    main.o(i.main) refers to stm32f4xx_hal.o(i.HAL_Init) for HAL_Init
    main.o(i.main) refers to main.o(i.SystemClock_Config) for SystemClock_Config
    main.o(i.main) refers to gpio.o(i.MX_GPIO_Init) for MX_GPIO_Init
    main.o(i.main) refers to dma.o(i.MX_DMA_Init) for MX_DMA_Init
    main.o(i.main) refers to spi.o(i.MX_SPI1_Init) for MX_SPI1_Init
    main.o(i.main) refers to tim.o(i.MX_TIM5_Init) for MX_TIM5_Init
    main.o(i.main) refers to i2c.o(i.MX_I2C3_Init) for MX_I2C3_Init
    main.o(i.main) refers to tim.o(i.MX_TIM10_Init) for MX_TIM10_Init
    main.o(i.main) refers to bsp_delay.o(i.delay_init) for delay_init
    main.o(i.main) refers to freertos.o(i.MX_FREERTOS_Init) for MX_FREERTOS_Init
    main.o(i.main) refers to cmsis_os.o(i.osKernelStart) for osKernelStart
    gpio.o(i.MX_GPIO_Init) refers to rt_memclr_w.o(.text) for __aeabi_memclr4
    gpio.o(i.MX_GPIO_Init) refers to stm32f4xx_hal_gpio.o(i.HAL_GPIO_WritePin) for HAL_GPIO_WritePin
    gpio.o(i.MX_GPIO_Init) refers to stm32f4xx_hal_gpio.o(i.HAL_GPIO_Init) for HAL_GPIO_Init
    gpio.o(i.MX_GPIO_Init) refers to stm32f4xx_hal_cortex.o(i.HAL_NVIC_SetPriority) for HAL_NVIC_SetPriority
    gpio.o(i.MX_GPIO_Init) refers to stm32f4xx_hal_cortex.o(i.HAL_NVIC_EnableIRQ) for HAL_NVIC_EnableIRQ
    dma.o(i.MX_DMA_Init) refers to stm32f4xx_hal_cortex.o(i.HAL_NVIC_SetPriority) for HAL_NVIC_SetPriority
    dma.o(i.MX_DMA_Init) refers to stm32f4xx_hal_cortex.o(i.HAL_NVIC_EnableIRQ) for HAL_NVIC_EnableIRQ
    freertos.o(i.MX_FREERTOS_Init) refers to rt_memcpy_w.o(.text) for __aeabi_memcpy4
    freertos.o(i.MX_FREERTOS_Init) refers to cmsis_os.o(i.osThreadCreate) for osThreadCreate
    freertos.o(i.MX_FREERTOS_Init) refers to freertos.o(.constdata) for .constdata
    freertos.o(i.MX_FREERTOS_Init) refers to freertos.o(.data) for testHandle
    freertos.o(i.test_task) refers to cmsis_os.o(i.osDelay) for osDelay
    freertos.o(i.vApplicationGetIdleTaskMemory) refers to freertos.o(.bss) for xIdleTaskTCBBuffer
    freertos.o(i.vApplicationGetTimerTaskMemory) refers to freertos.o(.bss) for xTimerTaskTCBBuffer
    freertos.o(.constdata) refers to freertos.o(.conststring) for .conststring
    freertos.o(.constdata) refers to test_task.o(i.test_task) for test_task
[...]
    xHigherPriorityTaskWoken                 0x200000cc   Data           4  ins_task.o(.data)
    .data                                    0x200000d0   Section       28  led_flow_task.o(.data)
    .data                                    0x200000ec   Section       20  mahonyahrs.o(.data)
    .data                                    0x20000100   Section       44  bmi088driver.o(.data)
    write_BMI088_accel_reg_data_error        0x20000108   Data          18  bmi088driver.o(.data)
    write_BMI088_gyro_reg_data_error         0x2000011a   Data          18  bmi088driver.o(.data)
    .bss                                     0x2000012c   Section     1704  freertos.o(.bss)
    xIdleTaskTCBBuffer                       0x2000012c   Data          84  freertos.o(.bss)
    xIdleStack                               0x20000180   Data         512  freertos.o(.bss)
    xTimerTaskTCBBuffer                      0x20000380   Data          84  freertos.o(.bss)
    xTimerStack                              0x200003d4   Data        1024  freertos.o(.bss)
    .bss                                     0x200007d4   Section       84  i2c.o(.bss)
    .bss                                     0x20000828   Section      280  spi.o(.bss)
    .bss                                     0x20000940   Section      128  tim.o(.bss)
    .bss                                     0x200009c0   Section       64  queue.o(.bss)
    .bss                                     0x20000a00   Section      240  tasks.o(.bss)
    pxReadyTasksLists                        0x20000a00   Data         140  tasks.o(.bss)
    xDelayedTaskList1                        0x20000a8c   Data          20  tasks.o(.bss)
    xDelayedTaskList2                        0x20000aa0   Data          20  tasks.o(.bss)
    xPendingReadyList                        0x20000ab4   Data          20  tasks.o(.bss)
    xTasksWaitingTermination                 0x20000ac8   Data          20  tasks.o(.bss)
    xSuspendedTaskList                       0x20000adc   Data          20  tasks.o(.bss)
    .bss                                     0x20000af0   Section      272  timers.o(.bss)
    xActiveTimerList1                        0x20000af0   Data          20  timers.o(.bss)
    xActiveTimerList2                        0x20000b04   Data          20  timers.o(.bss)
    xStaticTimerQueue                        0x20000b18   Data          72  timers.o(.bss)
    ucStaticTimerQueueStorage                0x20000b60   Data         160  timers.o(.bss)
    .bss                                     0x20000c00   Section    24576  heap_4.o(.bss)
    ucHeap                                   0x20000c00   Data       24576  heap_4.o(.bss)
    .bss                                     0x20006c00   Section      164  ins_task.o(.bss)
    imu_temp_pid                             0x20006c40   Data          72  ins_task.o(.bss)
    .bss                                     0x20006ca4   Section       96  libspace.o(.bss)
    HEAP                                     0x20006d08   Section     8192  startup_stm32f407xx.o(HEAP)
    Heap_Mem                                 0x20006d08   Data        8192  startup_stm32f407xx.o(HEAP)
    STACK                                    0x20008d08   Section     8192  startup_stm32f407xx.o(STACK)
    Stack_Mem                                0x20008d08   Data        8192  startup_stm32f407xx.o(STACK)
    __initial_sp                             0x2000ad08   Data           0  startup_stm32f407xx.o(STACK)

    Global Symbols

    Symbol Name                              Value     Ov Type        Size  Object(Section)

    BuildAttributes$$THM_ISAv4$E$P$D$K$B$S$7EM$VFPi3$EXTD16$VFPS$VFMA$PE$A:L22UL41UL21$X:L11$S22US41US21$IEEE1$IW$USESV6$~STKCKD$USESV7$~SHL$OTIME$ROPI$IEEEX$EBA8$UX$STANDARDLIB$REQ8$PRES8$EABIv2 0x00000000   Number         0  anon$$obj.o ABSOLUTE
    __ARM_use_no_argv                        0x00000000   Number         0  main.o ABSOLUTE
    __ARM_exceptions_init                     - Undefined Weak Reference
    __alloca_initialize                       - Undefined Weak Reference
    __arm_fini_                               - Undefined Weak Reference
    __arm_preinit_                            - Undefined Weak Reference
    __cpp_initialize__aeabi_                  - Undefined Weak Reference
    __cxa_finalize                            - Undefined Weak Reference
    __rt_locale                               - Undefined Weak Reference
    __sigvec_lookup                           - Undefined Weak Reference
    _atexit_init                              - Undefined Weak Reference
    _call_atexit_fns                          - Undefined Weak Reference
    _clock_init                               - Undefined Weak Reference
    _fp_trap_init                             - Undefined Weak Reference
    _fp_trap_shutdown                         - Undefined Weak Reference
    _get_lc_collate                           - Undefined Weak Reference
    _get_lc_ctype                             - Undefined Weak Reference
    _get_lc_monetary                          - Undefined Weak Reference
    _get_lc_numeric                           - Undefined Weak Reference
    _get_lc_time                              - Undefined Weak Reference
    _getenv_init                              - Undefined Weak Reference
    _handle_redirection                       - Undefined Weak Reference
    _init_alloc                               - Undefined Weak Reference
    _init_user_alloc                          - Undefined Weak Reference
    _initio                                   - Undefined Weak Reference
    _rand_init                                - Undefined Weak Reference
    _signal_finish                            - Undefined Weak Reference
    _signal_init                              - Undefined Weak Reference
    _terminate_alloc                          - Undefined Weak Reference
    _terminate_user_alloc                     - Undefined Weak Reference
    _terminateio                              - Undefined Weak Reference
    __Vectors_Size                           0x00000188   Number         0  startup_stm32f407xx.o ABSOLUTE
    __Vectors                                0x08000000   Data           4  startup_stm32f407xx.o(RESET)
    __Vectors_End                            0x08000188   Data           0  startup_stm32f407xx.o(RESET)
    __main                                   0x08000189   Thumb Code     8  __main.o(!!!main)
    __scatterload                            0x08000191   Thumb Code     0  __scatter.o(!!!scatter)
    __scatterload_rt2                        0x08000191   Thumb Code    44  __scatter.o(!!!scatter)
    __scatterload_rt2_thumb_only             0x08000191   Thumb Code     0  __scatter.o(!!!scatter)
    __scatterload_null                       0x0800019f   Thumb Code     0  __scatter.o(!!!scatter)
    __decompress                             0x080001c5   Thumb Code    90  __dczerorl2.o(!!dczerorl2)
    __decompress1                            0x080001c5   Thumb Code     0  __dczerorl2.o(!!dczerorl2)
    __scatterload_zeroinit                   0x08000221   Thumb Code    28  __scatter_zi.o(!!handler_zi)
    __rt_lib_init                            0x0800023d   Thumb Code     0  libinit.o(.ARM.Collect$$libinit$$00000000)
    __rt_lib_init_fp_1                       0x0800023f   Thumb Code     0  libinit2.o(.ARM.Collect$$libinit$$00000001)
    __rt_lib_init_alloca_1                   0x08000243   Thumb Code     0  libinit2.o(.ARM.Collect$$libinit$$0000002E)
    __rt_lib_init_argv_1                     0x08000243   Thumb Code     0  libinit2.o(.ARM.Collect$$libinit$$0000002C)
    __rt_lib_init_atexit_1                   0x08000243   Thumb Code     0  libinit2.o(.ARM.Collect$$libinit$$0000001B)
    __rt_lib_init_clock_1                    0x08000243   Thumb Code     0  libinit2.o(.ARM.Collect$$libinit$$00000021)
    __rt_lib_init_cpp_1                      0x08000243   Thumb Code     0  libinit2.o(.ARM.Collect$$libinit$$00000032)
    __rt_lib_init_exceptions_1               0x08000243   Thumb Code     0  libinit2.o(.ARM.Collect$$libinit$$00000030)
    __rt_lib_init_fp_trap_1                  0x08000243   Thumb Code     0  libinit2.o(.ARM.Collect$$libinit$$0000001F)
    __rt_lib_init_getenv_1                   0x08000243   Thumb Code     0  libinit2.o(.ARM.Collect$$libinit$$00000023)
    __rt_lib_init_heap_1                     0x08000243   Thumb Code     0  libinit2.o(.ARM.Collect$$libinit$$0000000A)
    __rt_lib_init_lc_collate_1               0x08000243   Thumb Code     0  libinit2.o(.ARM.Collect$$libinit$$00000011)
    __rt_lib_init_lc_ctype_1                 0x08000243   Thumb Code     0  libinit2.o(.ARM.Collect$$libinit$$00000013)
    __rt_lib_init_lc_monetary_1              0x08000243   Thumb Code     0  libinit2.o(.ARM.Collect$$libinit$$00000015)
    __rt_lib_init_lc_numeric_1               0x08000243   Thumb Code     0  libinit2.o(.ARM.Collect$$libinit$$00000017)
    __rt_lib_init_lc_time_1                  0x08000243   Thumb Code     0  libinit2.o(.ARM.Collect$$libinit$$00000019)
    __rt_lib_init_preinit_1                  0x08000243   Thumb Code     0  libinit2.o(.ARM.Collect$$libinit$$00000004)
    __rt_lib_init_rand_1                     0x08000243   Thumb Code     0  libinit2.o(.ARM.Collect$$libinit$$0000000E)
    __rt_lib_init_return                     0x08000243   Thumb Code     0  libinit2.o(.ARM.Collect$$libinit$$00000033)
    __rt_lib_init_signal_1                   0x08000243   Thumb Code     0  libinit2.o(.ARM.Collect$$libinit$$0000001D)
    __rt_lib_init_stdio_1                    0x08000243   Thumb Code     0  libinit2.o(.ARM.Collect$$libinit$$00000025)
    __rt_lib_init_user_alloc_1               0x08000243   Thumb Code     0  libinit2.o(.ARM.Collect$$libinit$$0000000C)
    __rt_lib_shutdown                        0x08000245   Thumb Code     0  libshutdown.o(.ARM.Collect$$libshutdown$$00000000)
    __rt_lib_shutdown_cpp_1                  0x08000247   Thumb Code     0  libshutdown2.o(.ARM.Collect$$libshutdown$$00000004)
    __rt_lib_shutdown_fini_1                 0x08000247   Thumb Code     0  libshutdown2.o(.ARM.Collect$$libshutdown$$00000002)
    __rt_lib_shutdown_fp_trap_1              0x08000247   Thumb Code     0  libshutdown2.o(.ARM.Collect$$libshutdown$$00000009)
    __rt_lib_shutdown_heap_1                 0x08000247   Thumb Code     0  libshutdown2.o(.ARM.Collect$$libshutdown$$00000011)
    __rt_lib_shutdown_return                 0x08000247   Thumb Code     0  libshutdown2.o(.ARM.Collect$$libshutdown$$00000012)
    __rt_lib_shutdown_signal_1               0x08000247   Thumb Code     0  libshutdown2.o(.ARM.Collect$$libshutdown$$0000000C)
    __rt_lib_shutdown_stdio_1                0x08000247   Thumb Code     0  libshutdown2.o(.ARM.Collect$$libshutdown$$00000006)
    __rt_lib_shutdown_user_alloc_1           0x08000247   Thumb Code     0  libshutdown2.o(.ARM.Collect$$libshutdown$$0000000E)
    __rt_entry                               0x08000249   Thumb Code     0  __rtentry.o(.ARM.Collect$$rtentry$$00000000)
    __rt_entry_presh_1                       0x08000249   Thumb Code     0  __rtentry2.o(.ARM.Collect$$rtentry$$00000002)
    __rt_entry_sh                            0x08000249   Thumb Code     0  __rtentry4.o(.ARM.Collect$$rtentry$$00000004)
    __rt_entry_li                            0x0800024f   Thumb Code     0  __rtentry2.o(.ARM.Collect$$rtentry$$0000000A)
    __rt_entry_postsh_1                      0x0800024f   Thumb Code     0  __rtentry2.o(.ARM.Collect$$rtentry$$00000009)
    __rt_entry_main                          0x08000253   Thumb Code     0  __rtentry2.o(.ARM.Collect$$rtentry$$0000000D)
    __rt_entry_postli_1                      0x08000253   Thumb Code     0  __rtentry2.o(.ARM.Collect$$rtentry$$0000000C)
    __rt_exit                                0x0800025b   Thumb Code     0  rtexit.o(.ARM.Collect$$rtexit$$00000000)
    __rt_exit_ls                             0x0800025d   Thumb Code     0  rtexit2.o(.ARM.Collect$$rtexit$$00000003)
    __rt_exit_prels_1                        0x0800025d   Thumb Code     0  rtexit2.o(.ARM.Collect$$rtexit$$00000002)
    __rt_exit_exit                           0x08000261   Thumb Code     0  rtexit2.o(.ARM.Collect$$rtexit$$00000004)
    SVC_Handler                              0x08000269   Thumb Code    28  port.o(.emb_text)
    __asm___6_port_c_39a90d8d__prvStartFirstTask 0x08000289   Thumb Code    36  port.o(.emb_text)
    __asm___6_port_c_39a90d8d__prvEnableVFP  0x080002b1   Thumb Code    16  port.o(.emb_text)
    PendSV_Handler                           0x080002c5   Thumb Code    88  port.o(.emb_text)
    vPortGetIPSR                             0x08000321   Thumb Code     6  port.o(.emb_text)
    Reset_Handler                            0x08000329   Thumb Code     8  startup_stm32f407xx.o(.text)
    ADC_IRQHandler                           0x08000343   Thumb Code     0  startup_stm32f407xx.o(.text)
    CAN1_RX0_IRQHandler                      0x08000343   Thumb Code     0  startup_stm32f407xx.o(.text)
    CAN1_RX1_IRQHandler                      0x08000343   Thumb Code     0  startup_stm32f407xx.o(.text)
    CAN1_SCE_IRQHandler                      0x08000343   Thumb Code     0  startup_stm32f407xx.o(.text)
    CAN1_TX_IRQHandler                       0x08000343   Thumb Code     0  startup_stm32f407xx.o(.text)
    CAN2_RX0_IRQHandler                      0x08000343   Thumb Code     0  startup_stm32f407xx.o(.text)
    CAN2_RX1_IRQHandler                      0x08000343   Thumb Code     0  startup_stm32f407xx.o(.text)
    CAN2_SCE_IRQHandler                      0x08000343   Thumb Code     0  startup_stm32f407xx.o(.text)
    CAN2_TX_IRQHandler                       0x08000343   Thumb Code     0  startup_stm32f407xx.o(.text)
    DCMI_IRQHandler                          0x08000343   Thumb Code     0  startup_stm32f407xx.o(.text)
    DMA1_Stream0_IRQHandler                  0x08000343   Thumb Code     0  startup_stm32f407xx.o(.text)
    DMA1_Stream1_IRQHandler                  0x08000343   Thumb Code     0  startup_stm32f407xx.o(.text)
    DMA1_Stream2_IRQHandler                  0x08000343   Thumb Code     0  startup_stm32f407xx.o(.text)
    DMA1_Stream3_IRQHandler                  0x08000343   Thumb Code     0  startup_stm32f407xx.o(.text)
    DMA1_Stream4_IRQHandler                  0x08000343   Thumb Code     0  startup_stm32f407xx.o(.text)
    DMA1_Stream5_IRQHandler                  0x08000343   Thumb Code     0  startup_stm32f407xx.o(.text)
    DMA1_Stream6_IRQHandler                  0x08000343   Thumb Code     0  startup_stm32f407xx.o(.text)
    DMA1_Stream7_IRQHandler                  0x08000343   Thumb Code     0  startup_stm32f407xx.o(.text)
    DMA2_Stream0_IRQHandler                  0x08000343   Thumb Code     0  startup_stm32f407xx.o(.text)
    DMA2_Stream1_IRQHandler                  0x08000343   Thumb Code     0  startup_stm32f407xx.o(.text)
    DMA2_Stream3_IRQHandler                  0x08000343   Thumb Code     0  startup_stm32f407xx.o(.text)
    DMA2_Stream4_IRQHandler                  0x08000343   Thumb Code     0  startup_stm32f407xx.o(.text)
    DMA2_Stream5_IRQHandler                  0x08000343   Thumb Code     0  startup_stm32f407xx.o(.text)
    DMA2_Stream6_IRQHandler                  0x08000343   Thumb Code     0  startup_stm32f407xx.o(.text)
    DMA2_Stream7_IRQHandler                  0x08000343   Thumb Code     0  startup_stm32f407xx.o(.text)
    ETH_IRQHandler                           0x08000343   Thumb Code     0  startup_stm32f407xx.o(.text)
    ETH_WKUP_IRQHandler                      0x08000343   Thumb Code     0  startup_stm32f407xx.o(.text)
    EXTI15_10_IRQHandler                     0x08000343   Thumb Code     0  startup_stm32f407xx.o(.text)
    EXTI1_IRQHandler                         0x08000343   Thumb Code     0  startup_stm32f407xx.o(.text)
    EXTI2_IRQHandler                         0x08000343   Thumb Code     0  startup_stm32f407xx.o(.text)
    FLASH_IRQHandler                         0x08000343   Thumb Code     0  startup_stm32f407xx.o(.text)
    FMC_IRQHandler                           0x08000343   Thumb Code     0  startup_stm32f407xx.o(.text)
    FPU_IRQHandler                           0x08000343   Thumb Code     0  startup_stm32f407xx.o(.text)
    HASH_RNG_IRQHandler                      0x08000343   Thumb Code     0  startup_stm32f407xx.o(.text)
    I2C1_ER_IRQHandler                       0x08000343   Thumb Code     0  startup_stm32f407xx.o(.text)
    I2C1_EV_IRQHandler                       0x08000343   Thumb Code     0  startup_stm32f407xx.o(.text)
    I2C2_ER_IRQHandler                       0x08000343   Thumb Code     0  startup_stm32f407xx.o(.text)
    I2C2_EV_IRQHandler                       0x08000343   Thumb Code     0  startup_stm32f407xx.o(.text)
    I2C3_ER_IRQHandler                       0x08000343   Thumb Code     0  startup_stm32f407xx.o(.text)
    I2C3_EV_IRQHandler                       0x08000343   Thumb Code     0  startup_stm32f407xx.o(.text)
    OTG_FS_IRQHandler                        0x08000343   Thumb Code     0  startup_stm32f407xx.o(.text)
    OTG_FS_WKUP_IRQHandler                   0x08000343   Thumb Code     0  startup_stm32f407xx.o(.text)
    OTG_HS_EP1_IN_IRQHandler                 0x08000343   Thumb Code     0  startup_stm32f407xx.o(.text)
    OTG_HS_EP1_OUT_IRQHandler                0x08000343   Thumb Code     0  startup_stm32f407xx.o(.text)
    OTG_HS_IRQHandler                        0x08000343   Thumb Code     0  startup_stm32f407xx.o(.text)
    OTG_HS_WKUP_IRQHandler                   0x08000343   Thumb Code     0  startup_stm32f407xx.o(.text)
    PVD_IRQHandler                           0x08000343   Thumb Code     0  startup_stm32f407xx.o(.text)
    RCC_IRQHandler                           0x08000343   Thumb Code     0  startup_stm32f407xx.o(.text)
    RTC_Alarm_IRQHandler                     0x08000343   Thumb Code     0  startup_stm32f407xx.o(.text)
    RTC_WKUP_IRQHandler                      0x08000343   Thumb Code     0  startup_stm32f407xx.o(.text)
    SDIO_IRQHandler                          0x08000343   Thumb Code     0  startup_stm32f407xx.o(.text)
    SPI1_IRQHandler                          0x08000343   Thumb Code     0  startup_stm32f407xx.o(.text)
    SPI2_IRQHandler                          0x08000343   Thumb Code     0  startup_stm32f407xx.o(.text)
    SPI3_IRQHandler                          0x08000343   Thumb Code     0  startup_stm32f407xx.o(.text)
    TAMP_STAMP_IRQHandler                    0x08000343   Thumb Code     0  startup_stm32f407xx.o(.text)
    TIM1_BRK_TIM9_IRQHandler                 0x08000343   Thumb Code     0  startup_stm32f407xx.o(.text)
    TIM1_CC_IRQHandler                       0x08000343   Thumb Code     0  startup_stm32f407xx.o(.text)
    TIM1_TRG_COM_TIM11_IRQHandler            0x08000343   Thumb Code     0  startup_stm32f407xx.o(.text)
    TIM1_UP_TIM10_IRQHandler                 0x08000343   Thumb Code     0  startup_stm32f407xx.o(.text)
    TIM2_IRQHandler                          0x08000343   Thumb Code     0  startup_stm32f407xx.o(.text)
    TIM3_IRQHandler                          0x08000343   Thumb Code     0  startup_stm32f407xx.o(.text)
    TIM4_IRQHandler                          0x08000343   Thumb Code     0  startup_stm32f407xx.o(.text)
    TIM5_IRQHandler                          0x08000343   Thumb Code     0  startup_stm32f407xx.o(.text)
    TIM6_DAC_IRQHandler                      0x08000343   Thumb Code     0  startup_stm32f407xx.o(.text)
    TIM7_IRQHandler                          0x08000343   Thumb Code     0  startup_stm32f407xx.o(.text)
    TIM8_BRK_TIM12_IRQHandler                0x08000343   Thumb Code     0  startup_stm32f407xx.o(.text)
    TIM8_CC_IRQHandler                       0x08000343   Thumb Code     0  startup_stm32f407xx.o(.text)
    TIM8_TRG_COM_TIM14_IRQHandler            0x08000343   Thumb Code     0  startup_stm32f407xx.o(.text)
    TIM8_UP_TIM13_IRQHandler                 0x08000343   Thumb Code     0  startup_stm32f407xx.o(.text)
    UART4_IRQHandler                         0x08000343   Thumb Code     0  startup_stm32f407xx.o(.text)
    UART5_IRQHandler                         0x08000343   Thumb Code     0  startup_stm32f407xx.o(.text)
    USART1_IRQHandler                        0x08000343   Thumb Code     0  startup_stm32f407xx.o(.text)
    USART2_IRQHandler                        0x08000343   Thumb Code     0  startup_stm32f407xx.o(.text)
    USART3_IRQHandler                        0x08000343   Thumb Code     0  startup_stm32f407xx.o(.text)
    USART6_IRQHandler                        0x08000343   Thumb Code     0  startup_stm32f407xx.o(.text)
    WWDG_IRQHandler                          0x08000343   Thumb Code     0  startup_stm32f407xx.o(.text)
    __user_initial_stackheap                 0x08000345   Thumb Code     0  startup_stm32f407xx.o(.text)
    __aeabi_uldivmod                         0x08000369   Thumb Code     0  lludivv7m.o(.text)
    _ll_udiv                                 0x08000369   Thumb Code   238  lludivv7m.o(.text)
    strlen                                   0x08000457   Thumb Code    62  strlen.o(.text)
    __aeabi_memcpy                           0x08000495   Thumb Code     0  rt_memcpy_v6.o(.text)
    __rt_memcpy                              0x08000495   Thumb Code   138  rt_memcpy_v6.o(.text)
    _memcpy_lastbytes                        0x080004fb   Thumb Code     0  rt_memcpy_v6.o(.text)
    __aeabi_memcpy4                          0x0800051f   Thumb Code     0  rt_memcpy_w.o(.text)
    __aeabi_memcpy8                          0x0800051f   Thumb Code     0  rt_memcpy_w.o(.text)
    __rt_memcpy_w                            0x0800051f   Thumb Code   100  rt_memcpy_w.o(.text)
    _memcpy_lastbytes_aligned                0x08000567   Thumb Code     0  rt_memcpy_w.o(.text)
    __aeabi_memset                           0x08000583   Thumb Code    16  aeabi_memset.o(.text)
    __aeabi_memclr4                          0x08000593   Thumb Code     0  rt_memclr_w.o(.text)
    __aeabi_memclr8                          0x08000593   Thumb Code     0  rt_memclr_w.o(.text)
    __rt_memclr_w                            0x08000593   Thumb Code    78  rt_memclr_w.o(.text)
    _memset_w                                0x08000597   Thumb Code     0  rt_memclr_w.o(.text)
    __use_two_region_memory                  0x080005e1   Thumb Code     2  heapauxi.o(.text)
    __rt_heap_escrow$2region                 0x080005e3   Thumb Code     2  heapauxi.o(.text)
    __rt_heap_expand$2region                 0x080005e5   Thumb Code     2  heapauxi.o(.text)
    __read_errno                             0x080005e7   Thumb Code    10  _rserrno.o(.text)
    __set_errno                              0x080005f1   Thumb Code    12  _rserrno.o(.text)
    __aeabi_memclr                           0x080005fd   Thumb Code     0  rt_memclr.o(.text)
    __rt_memclr                              0x080005fd   Thumb Code    68  rt_memclr.o(.text)
    _memset                                  0x08000601   Thumb Code     0  rt_memclr.o(.text)
    __aeabi_errno_addr                       0x08000641   Thumb Code     8  rt_errno_addr_intlibspace.o(.text)
    __errno$intlibspace                      0x08000641   Thumb Code     0  rt_errno_addr_intlibspace.o(.text)
    __rt_errno_addr$intlibspace              0x08000641   Thumb Code     0  rt_errno_addr_intlibspace.o(.text)
    __user_libspace                          0x08000649   Thumb Code     8  libspace.o(.text)
    __user_perproc_libspace                  0x08000649   Thumb Code     0  libspace.o(.text)
    __user_perthread_libspace                0x08000649   Thumb Code     0  libspace.o(.text)
    __user_setup_stackheap                   0x08000651   Thumb Code    74  sys_stackheap_outer.o(.text)
    exit                                     0x0800069b   Thumb Code    18  exit.o(.text)
    _sys_exit                                0x080006ad   Thumb Code     8  sys_exit.o(.text)
    __I$use$semihosting                      0x080006b9   Thumb Code     0  use_no_semi.o(.text)
    __use_no_semihosting_swi                 0x080006b9   Thumb Code     2  use_no_semi.o(.text)
    __semihosting_library_function           0x080006bb   Thumb Code     0  indicate_semi.o(.text)
    AHRS_init                                0x080006bd   Thumb Code    34  ins_task.o(i.AHRS_init)
    AHRS_update                              0x080006e5   Thumb Code   106  ins_task.o(i.AHRS_update)
    BMI088_ACCEL_NS_H                        0x08000751   Thumb Code    14  bmi088middleware.o(i.BMI088_ACCEL_NS_H)
    BMI088_ACCEL_NS_L                        0x08000765   Thumb Code    14  bmi088middleware.o(i.BMI088_ACCEL_NS_L)
    BMI088_GPIO_init                         0x08000779   Thumb Code     2  bmi088middleware.o(i.BMI088_GPIO_init)
    BMI088_GYRO_NS_H                         0x0800077d   Thumb Code    14  bmi088middleware.o(i.BMI088_GYRO_NS_H)
    BMI088_GYRO_NS_L                         0x08000791   Thumb Code    14  bmi088middleware.o(i.BMI088_GYRO_NS_L)
    BMI088_accel_read_over                   0x080007a5   Thumb Code   134  bmi088driver.o(i.BMI088_accel_read_over)
    BMI088_com_init                          0x08000835   Thumb Code     2  bmi088middleware.o(i.BMI088_com_init)
    BMI088_delay_ms                          0x08000837   Thumb Code    12  bmi088middleware.o(i.BMI088_delay_ms)
    BMI088_delay_us                          0x08000843   Thumb Code    12  bmi088middleware.o(i.BMI088_delay_us)
    BMI088_gyro_read_over                    0x08000851   Thumb Code    98  bmi088driver.o(i.BMI088_gyro_read_over)
    BMI088_init                              0x080008b9   Thumb Code    52  bmi088driver.o(i.BMI088_init)
    BMI088_read                              0x080008ed   Thumb Code   372  bmi088driver.o(i.BMI088_read)
    BMI088_read_write_byte                   0x08000aa9   Thumb Code    28  bmi088middleware.o(i.BMI088_read_write_byte)
    BMI088_temperature_read_over             0x08000ac9   Thumb Code    52  bmi088driver.o(i.BMI088_temperature_read_over)
    BusFault_Handler                         0x08000b11   Thumb Code     4  stm32f4xx_it.o(i.BusFault_Handler)
    DMA2_Stream2_IRQHandler                  0x08000b15   Thumb Code  2182  ins_task.o(i.DMA2_Stream2_IRQHandler)
    DebugMon_Handler                         0x0800148b   Thumb Code     2  stm32f4xx_it.o(i.DebugMon_Handler)
    EXTI0_IRQHandler                         0x0800148d   Thumb Code    10  stm32f4xx_it.o(i.EXTI0_IRQHandler)
    EXTI3_IRQHandler                         0x08001497   Thumb Code    10  stm32f4xx_it.o(i.EXTI3_IRQHandler)
    EXTI4_IRQHandler                         0x080014a1   Thumb Code    10  stm32f4xx_it.o(i.EXTI4_IRQHandler)
    EXTI9_5_IRQHandler                       0x080014ab   Thumb Code    10  stm32f4xx_it.o(i.EXTI9_5_IRQHandler)
    Error_Handler                            0x080014b5   Thumb Code     2  main.o(i.Error_Handler)
    HAL_DMA_Init                             0x080014b9   Thumb Code   232  stm32f4xx_hal_dma.o(i.HAL_DMA_Init)
    HAL_GPIO_EXTI_Callback                   0x080015a5   Thumb Code   174  ins_task.o(i.HAL_GPIO_EXTI_Callback)
    HAL_GPIO_EXTI_IRQHandler                 0x08001679   Thumb Code    24  stm32f4xx_hal_gpio.o(i.HAL_GPIO_EXTI_IRQHandler)
    HAL_GPIO_Init                            0x08001695   Thumb Code   466  stm32f4xx_hal_gpio.o(i.HAL_GPIO_Init)
    HAL_GPIO_WritePin                        0x08001895   Thumb Code    12  stm32f4xx_hal_gpio.o(i.HAL_GPIO_WritePin)
    HAL_GetTick                              0x080018a1   Thumb Code     6  stm32f4xx_hal.o(i.HAL_GetTick)
    HAL_I2C_Init                             0x080018ad   Thumb Code   422  stm32f4xx_hal_i2c.o(i.HAL_I2C_Init)
    HAL_I2C_Mem_Read                         0x08001a65   Thumb Code   744  stm32f4xx_hal_i2c.o(i.HAL_I2C_Mem_Read)
    HAL_I2C_Mem_Write                        0x08001d59   Thumb Code   348  stm32f4xx_hal_i2c.o(i.HAL_I2C_Mem_Write)
    HAL_I2C_MspInit                          0x08001ebd   Thumb Code   182  i2c.o(i.HAL_I2C_MspInit)
    HAL_IncTick                              0x08001f85   Thumb Code    16  stm32f4xx_hal.o(i.HAL_IncTick)
    HAL_Init                                 0x08001f9d   Thumb Code    54  stm32f4xx_hal.o(i.HAL_Init)
    HAL_InitTick                             0x08001fd9   Thumb Code    64  stm32f4xx_hal.o(i.HAL_InitTick)
    HAL_MspInit                              0x08002025   Thumb Code    78  stm32f4xx_hal_msp.o(i.HAL_MspInit)
    HAL_NVIC_EnableIRQ                       0x08002079   Thumb Code    32  stm32f4xx_hal_cortex.o(i.HAL_NVIC_EnableIRQ)
    HAL_NVIC_SetPriority                     0x08002099   Thumb Code   124  stm32f4xx_hal_cortex.o(i.HAL_NVIC_SetPriority)
    HAL_NVIC_SetPriorityGrouping             0x08002115   Thumb Code    32  stm32f4xx_hal_cortex.o(i.HAL_NVIC_SetPriorityGrouping)
    HAL_RCC_ClockConfig                      0x0800213d   Thumb Code   366  stm32f4xx_hal_rcc.o(i.HAL_RCC_ClockConfig)
    HAL_RCC_GetHCLKFreq                      0x080022bd   Thumb Code     6  stm32f4xx_hal_rcc.o(i.HAL_RCC_GetHCLKFreq)
    HAL_RCC_GetPCLK1Freq                     0x080022c9   Thumb Code    22  stm32f4xx_hal_rcc.o(i.HAL_RCC_GetPCLK1Freq)
    HAL_RCC_GetSysClockFreq                  0x080022e9   Thumb Code   162  stm32f4xx_hal_rcc.o(i.HAL_RCC_GetSysClockFreq)
    HAL_RCC_OscConfig                        0x08002399   Thumb Code  1086  stm32f4xx_hal_rcc.o(i.HAL_RCC_OscConfig)
    HAL_SPI_Init                             0x080027e1   Thumb Code   140  stm32f4xx_hal_spi.o(i.HAL_SPI_Init)
    HAL_SPI_MspInit                          0x0800286d   Thumb Code   316  spi.o(i.HAL_SPI_MspInit)
    HAL_SPI_TransmitReceive                  0x080029c5   Thumb Code   554  stm32f4xx_hal_spi.o(i.HAL_SPI_TransmitReceive)
    HAL_SYSTICK_Config                       0x08002bef   Thumb Code    52  stm32f4xx_hal_cortex.o(i.HAL_SYSTICK_Config)
    HAL_TIMEx_MasterConfigSynchronization    0x08002c23   Thumb Code    84  stm32f4xx_hal_tim_ex.o(i.HAL_TIMEx_MasterConfigSynchronization)
    HAL_TIM_Base_Init                        0x08002c77   Thumb Code    52  stm32f4xx_hal_tim.o(i.HAL_TIM_Base_Init)
    HAL_TIM_Base_MspInit                     0x08002cad   Thumb Code    88  tim.o(i.HAL_TIM_Base_MspInit)
    HAL_TIM_Base_Start                       0x08002d11   Thumb Code    42  stm32f4xx_hal_tim.o(i.HAL_TIM_Base_Start)
    HAL_TIM_ConfigClockSource                0x08002d3b   Thumb Code   264  stm32f4xx_hal_tim.o(i.HAL_TIM_ConfigClockSource)
    HAL_TIM_MspPostInit                      0x08002e45   Thumb Code   200  tim.o(i.HAL_TIM_MspPostInit)
    HAL_TIM_PWM_ConfigChannel                0x08002f29   Thumb Code   264  stm32f4xx_hal_tim.o(i.HAL_TIM_PWM_ConfigChannel)
    HAL_TIM_PWM_Init                         0x08003031   Thumb Code    52  stm32f4xx_hal_tim.o(i.HAL_TIM_PWM_Init)
    HAL_TIM_PWM_MspInit                      0x08003065   Thumb Code     2  stm32f4xx_hal_tim.o(i.HAL_TIM_PWM_MspInit)
    HAL_TIM_PWM_Start                        0x08003069   Thumb Code    80  stm32f4xx_hal_tim.o(i.HAL_TIM_PWM_Start)
    HardFault_Handler                        0x080030c1   Thumb Code     4  stm32f4xx_it.o(i.HardFault_Handler)
    INS_task                                 0x0800358d   Thumb Code   296  ins_task.o(i.INS_task)
    MX_DMA_Init                              0x08003701   Thumb Code    68  dma.o(i.MX_DMA_Init)
    MX_FREERTOS_Init                         0x08003749   Thumb Code    78  freertos.o(i.MX_FREERTOS_Init)
    MX_GPIO_Init                             0x080037a9   Thumb Code   394  gpio.o(i.MX_GPIO_Init)
    MX_I2C3_Init                             0x0800394d   Thumb Code    48  i2c.o(i.MX_I2C3_Init)
    MX_SPI1_Init                             0x08003989   Thumb Code    62  spi.o(i.MX_SPI1_Init)
    MX_TIM10_Init                            0x080039d1   Thumb Code   100  tim.o(i.MX_TIM10_Init)
    MX_TIM5_Init                             0x08003a3d   Thumb Code   186  tim.o(i.MX_TIM5_Init)
    MahonyAHRSupdate                         0x08003b01   Thumb Code  1418  mahonyahrs.o(i.MahonyAHRSupdate)
    MahonyAHRSupdateIMU                      0x080040ad   Thumb Code   730  mahonyahrs.o(i.MahonyAHRSupdateIMU)
    MemManage_Handler                        0x080043a9   Thumb Code     4  stm32f4xx_it.o(i.MemManage_Handler)
    NMI_Handler                              0x080043ad   Thumb Code     2  stm32f4xx_it.o(i.NMI_Handler)
    PID_calc                                 0x080043b1   Thumb Code   492  pid.o(i.PID_calc)
    PID_init                                 0x080045a1   Thumb Code    92  pid.o(i.PID_init)
    SPI1_DMA_enable                          0x08004601   Thumb Code 10024  bsp_spi.o(i.SPI1_DMA_enable)
    SPI1_DMA_init                            0x08006d3d   Thumb Code   360  bsp_spi.o(i.SPI1_DMA_init)
    SysTick_Handler                          0x08006fd1   Thumb Code    12  stm32f4xx_it.o(i.SysTick_Handler)
    SystemClock_Config                       0x08006fdd   Thumb Code   170  main.o(i.SystemClock_Config)
    SystemInit                               0x08007091   Thumb Code    82  system_stm32f4xx.o(i.SystemInit)
    TIM_Base_SetConfig                       0x080070f5   Thumb Code   170  stm32f4xx_hal_tim.o(i.TIM_Base_SetConfig)
    TIM_CCxChannelCmd                        0x080071cd   Thumb Code    34  stm32f4xx_hal_tim.o(i.TIM_CCxChannelCmd)
    TIM_ETR_SetConfig                        0x080071ef   Thumb Code    22  stm32f4xx_hal_tim.o(i.TIM_ETR_SetConfig)
    TIM_OC2_SetConfig                        0x08007289   Thumb Code   114  stm32f4xx_hal_tim.o(i.TIM_OC2_SetConfig)
    UsageFault_Handler                       0x0800741f   Thumb Code     4  stm32f4xx_it.o(i.UsageFault_Handler)
    __ARM_fpclassifyf                        0x08007423   Thumb Code    38  fpclassifyf.o(i.__ARM_fpclassifyf)
    __hardfp_asinf                           0x08007481   Thumb Code   258  asinf.o(i.__hardfp_asinf)
    __hardfp_atan2f                          0x080075ad   Thumb Code   594  atan2f.o(i.__hardfp_atan2f)
    __hardfp_sqrt                            0x08007859   Thumb Code   122  sqrt.o(i.__hardfp_sqrt)
    __mathlib_flt_infnan                     0x080078d3   Thumb Code     6  funder.o(i.__mathlib_flt_infnan)
    __mathlib_flt_infnan2                    0x080078d9   Thumb Code     6  funder.o(i.__mathlib_flt_infnan2)
    __mathlib_flt_invalid                    0x080078e1   Thumb Code    10  funder.o(i.__mathlib_flt_invalid)
    __mathlib_flt_underflow                  0x080078f1   Thumb Code    10  funder.o(i.__mathlib_flt_underflow)
    aRGB_led_show                            0x08007901   Thumb Code    82  bsp_led.o(i.aRGB_led_show)
    bmi088_accel_init                        0x08007969   Thumb Code   302  bmi088driver.o(i.bmi088_accel_init)
    bmi088_accel_self_test                   0x08007a9d   Thumb Code   760  bmi088driver.o(i.bmi088_accel_self_test)
    bmi088_gyro_init                         0x08007d99   Thumb Code   238  bmi088driver.o(i.bmi088_gyro_init)
    bmi088_gyro_self_test                    0x08007e8d   Thumb Code   208  bmi088driver.o(i.bmi088_gyro_self_test)
    delay_init                               0x08007f5d   Thumb Code    32  bsp_delay.o(i.delay_init)
    delay_us                                 0x08007f8d   Thumb Code    76  bsp_delay.o(i.delay_us)
    get_angle                                0x08007fdd   Thumb Code   220  ins_task.o(i.get_angle)
    imu_pwm_set                              0x08008261   Thumb Code     8  bsp_imu_pwm.o(i.imu_pwm_set)
    invSqrt                                  0x08008311   Thumb Code    56  mahonyahrs.o(i.invSqrt)
    ist8310_GPIO_init                        0x0800834d   Thumb Code     2  ist8310driver_middleware.o(i.ist8310_GPIO_init)
    ist8310_IIC_read_muli_reg                0x08008351   Thumb Code    30  ist8310driver_middleware.o(i.ist8310_IIC_read_muli_reg)
    ist8310_IIC_read_single_reg              0x08008375   Thumb Code    36  ist8310driver_middleware.o(i.ist8310_IIC_read_single_reg)
    ist8310_IIC_write_single_reg             0x0800839d   Thumb Code    34  ist8310driver_middleware.o(i.ist8310_IIC_write_single_reg)
    ist8310_RST_H                            0x080083c5   Thumb Code    14  ist8310driver_middleware.o(i.ist8310_RST_H)
    ist8310_RST_L                            0x080083d9   Thumb Code    14  ist8310driver_middleware.o(i.ist8310_RST_L)
    ist8310_com_init                         0x080083ed   Thumb Code     2  ist8310driver_middleware.o(i.ist8310_com_init)
    ist8310_delay_ms                         0x080083ef   Thumb Code    12  ist8310driver_middleware.o(i.ist8310_delay_ms)
    ist8310_init                             0x080083fd   Thumb Code   142  ist8310driver.o(i.ist8310_init)
    ist8310_read_mag                         0x08008491   Thumb Code   136  ist8310driver.o(i.ist8310_read_mag)
    led_RGB_flow_task                        0x0800851d   Thumb Code   422  led_flow_task.o(i.led_RGB_flow_task)
    main                                     0x080086cd   Thumb Code    48  main.o(i.main)
    osDelay                                  0x0800870b   Thumb Code    24  cmsis_os.o(i.osDelay)
    osKernelStart                            0x08008723   Thumb Code    10  cmsis_os.o(i.osKernelStart)
    osSystickHandler                         0x0800872d   Thumb Code    16  cmsis_os.o(i.osSystickHandler)
    osThreadCreate                           0x0800873d   Thumb Code    94  cmsis_os.o(i.osThreadCreate)
    pcTaskGetName                            0x0800879d   Thumb Code    44  tasks.o(i.pcTaskGetName)
    pvPortMalloc                             0x0800925d   Thumb Code   296  heap_4.o(i.pvPortMalloc)
    pxPortInitialiseStack                    0x08009399   Thumb Code    38  port.o(i.pxPortInitialiseStack)
    sqrtf                                    0x080093c5   Thumb Code    62  sqrtf.o(i.sqrtf)
    test_task                                0x08009403   Thumb Code    10  test_task.o(i.test_task)
    ulTaskNotifyTake                         0x0800940d   Thumb Code   108  tasks.o(i.ulTaskNotifyTake)
    uxListRemove                             0x08009481   Thumb Code    40  list.o(i.uxListRemove)
    vApplicationGetIdleTaskMemory            0x080094a9   Thumb Code    14  freertos.o(i.vApplicationGetIdleTaskMemory)
    vApplicationGetTimerTaskMemory           0x080094c1   Thumb Code    16  freertos.o(i.vApplicationGetTimerTaskMemory)
    vListInitialise                          0x080094d9   Thumb Code    26  list.o(i.vListInitialise)
    vListInitialiseItem                      0x080094f3   Thumb Code     6  list.o(i.vListInitialiseItem)
    vListInsert                              0x080094f9   Thumb Code    52  list.o(i.vListInsert)
    vListInsertEnd                           0x0800952d   Thumb Code    24  list.o(i.vListInsertEnd)
    vPortEnterCritical                       0x08009545   Thumb Code    76  port.o(i.vPortEnterCritical)
    vPortExitCritical                        0x08009599   Thumb Code    56  port.o(i.vPortExitCritical)
    vPortFree                                0x080095d5   Thumb Code   140  heap_4.o(i.vPortFree)
    vPortSetupTimerInterrupt                 0x08009669   Thumb Code    36  port.o(i.vPortSetupTimerInterrupt)
    vPortValidateInterruptPriority           0x08009691   Thumb Code   106  port.o(i.vPortValidateInterruptPriority)
    vQueueAddToRegistry                      0x08009709   Thumb Code    38  queue.o(i.vQueueAddToRegistry)
    vQueueWaitForMessageRestricted           0x08009735   Thumb Code    74  queue.o(i.vQueueWaitForMessageRestricted)
    vTaskDelay                               0x08009781   Thumb Code    82  tasks.o(i.vTaskDelay)
    vTaskInternalSetTimeOutState             0x080097dd   Thumb Code    14  tasks.o(i.vTaskInternalSetTimeOutState)
    vTaskMissedYield                         0x080097f5   Thumb Code     8  tasks.o(i.vTaskMissedYield)
    vTaskNotifyGiveFromISR                   0x08009801   Thumb Code   216  tasks.o(i.vTaskNotifyGiveFromISR)
    vTaskPlaceOnEventList                    0x080098f1   Thumb Code    52  tasks.o(i.vTaskPlaceOnEventList)
    vTaskPlaceOnEventListRestricted          0x08009929   Thumb Code    60  tasks.o(i.vTaskPlaceOnEventListRestricted)
    vTaskStartScheduler                      0x08009969   Thumb Code   156  tasks.o(i.vTaskStartScheduler)
    vTaskSuspendAll                          0x08009a21   Thumb Code    12  tasks.o(i.vTaskSuspendAll)
    vTaskSwitchContext                       0x08009a31   Thumb Code   118  tasks.o(i.vTaskSwitchContext)
    xPortStartScheduler                      0x08009abd   Thumb Code   330  port.o(i.xPortStartScheduler)
    xPortSysTickHandler                      0x08009c25   Thumb Code    46  port.o(i.xPortSysTickHandler)
    xQueueGenericCreateStatic                0x08009c59   Thumb Code   222  queue.o(i.xQueueGenericCreateStatic)
    xQueueGenericReset                       0x08009d39   Thumb Code   146  queue.o(i.xQueueGenericReset)
    xQueueGenericSend                        0x08009dd1   Thumb Code   420  queue.o(i.xQueueGenericSend)
    xQueueGenericSendFromISR                 0x08009f79   Thumb Code   248  queue.o(i.xQueueGenericSendFromISR)
    xQueueReceive                            0x0800a071   Thumb Code   356  queue.o(i.xQueueReceive)
    xTaskCheckForTimeOut                     0x0800a1d9   Thumb Code   156  tasks.o(i.xTaskCheckForTimeOut)
    xTaskCreate                              0x0800a281   Thumb Code   100  tasks.o(i.xTaskCreate)
    xTaskCreateStatic                        0x0800a2e5   Thumb Code   184  tasks.o(i.xTaskCreateStatic)
    xTaskGetHandle                           0x0800a39d   Thumb Code   142  tasks.o(i.xTaskGetHandle)
    xTaskGetSchedulerState                   0x0800a441   Thumb Code    24  tasks.o(i.xTaskGetSchedulerState)
    xTaskGetTickCount                        0x0800a461   Thumb Code     6  tasks.o(i.xTaskGetTickCount)
    xTaskIncrementTick                       0x0800a46d   Thumb Code   282  tasks.o(i.xTaskIncrementTick)
    xTaskPriorityDisinherit                  0x0800a5b5   Thumb Code   188  tasks.o(i.xTaskPriorityDisinherit)
    xTaskRemoveFromEventList                 0x0800a67d   Thumb Code   128  tasks.o(i.xTaskRemoveFromEventList)
    xTaskResumeAll                           0x0800a715   Thumb Code   224  tasks.o(i.xTaskResumeAll)
    xTimerCreateTimerTask                    0x0800a819   Thumb Code   100  timers.o(i.xTimerCreateTimerTask)
    xTimerGenericCommand                     0x0800a891   Thumb Code   128  timers.o(i.xTimerGenericCommand)
    __aeabi_d2f                              0x0800a915   Thumb Code     0  d2f.o(x$fpl$d2f)
    _d2f                                     0x0800a915   Thumb Code    98  d2f.o(x$fpl$d2f)
    __fpl_dnaninf                            0x0800a977   Thumb Code   156  dnaninf.o(x$fpl$dnaninf)
    __fpl_dretinf                            0x0800aa13   Thumb Code    12  dretinf.o(x$fpl$dretinf)
    _dsqrt                                   0x0800aa21   Thumb Code   404  dsqrt_umaal.o(x$fpl$dsqrt)
    __aeabi_f2d                              0x0800abb9   Thumb Code     0  f2d.o(x$fpl$f2d)
    _f2d                                     0x0800abb9   Thumb Code    86  f2d.o(x$fpl$f2d)
    __fpl_fnaninf                            0x0800ac0f   Thumb Code   140  fnaninf.o(x$fpl$fnaninf)
    _fp_init                                 0x0800ac9b   Thumb Code    10  fpinit.o(x$fpl$fpinit)
    __fplib_config_fpu_vfp                   0x0800aca3   Thumb Code     0  fpinit.o(x$fpl$fpinit)
    __fplib_config_pureend_doubles           0x0800aca3   Thumb Code     0  fpinit.o(x$fpl$fpinit)
    __fpl_fretinf                            0x0800aca5   Thumb Code    10  fretinf.o(x$fpl$fretinf)
    __I$use$fp                               0x0800acae   Number         0  usenofp.o(x$fpl$usenofp)
    AHBPrescTable                            0x0800ad0c   Data          16  system_stm32f4xx.o(.constdata)
    APBPrescTable                            0x0800ad1c   Data           8  system_stm32f4xx.o(.constdata)
    Region$$Table$$Base                      0x0800ad64   Number         0  anon$$obj.o(Region$$Table)
    Region$$Table$$Limit                     0x0800ad84   Number         0  anon$$obj.o(Region$$Table)
    imuTaskHandle                            0x20000000   Data           4  freertos.o(.data)
    led_RGB_flow_handle                      0x20000004   Data           4  freertos.o(.data)
    testHandle                               0x20000008   Data           4  freertos.o(.data)
    uwTick                                   0x2000000c   Data           4  stm32f4xx_hal.o(.data)
    uwTickPrio                               0x20000010   Data           4  stm32f4xx_hal.o(.data)
    uwTickFreq                               0x20000014   Data           1  stm32f4xx_hal.o(.data)
    SystemCoreClock                          0x20000018   Data           4  system_stm32f4xx.o(.data)
    pxCurrentTCB                             0x2000001c   Data           4  tasks.o(.data)
    gyro_dma_rx_buf                          0x200000a4   Data           8  ins_task.o(.data)
    gyro_dma_tx_buf                          0x200000ac   Data           8  ins_task.o(.data)
    accel_dma_tx_buf                         0x200000b4   Data           9  ins_task.o(.data)
    accel_temp_dma_rx_buf                    0x200000bd   Data           4  ins_task.o(.data)
    accel_temp_dma_tx_buf                    0x200000c1   Data           4  ins_task.o(.data)
    gyro_update_flag                         0x200000c5   Data           1  ins_task.o(.data)
    accel_update_flag                        0x200000c6   Data           1  ins_task.o(.data)
    accel_temp_update_flag                   0x200000c7   Data           1  ins_task.o(.data)
    mag_update_flag                          0x200000c8   Data           1  ins_task.o(.data)
    imu_start_dma_flag                       0x200000c9   Data           1  ins_task.o(.data)
    RGB_flow_color                           0x200000d0   Data          28  led_flow_task.o(.data)
    twoKp                                    0x200000ec   Data           4  mahonyahrs.o(.data)
    twoKi                                    0x200000f0   Data           4  mahonyahrs.o(.data)
    integralFBx                              0x200000f4   Data           4  mahonyahrs.o(.data)
    integralFBy                              0x200000f8   Data           4  mahonyahrs.o(.data)
    integralFBz                              0x200000fc   Data           4  mahonyahrs.o(.data)
    BMI088_ACCEL_SEN                         0x20000100   Data           4  bmi088driver.o(.data)
    BMI088_GYRO_SEN                          0x20000104   Data           4  bmi088driver.o(.data)
    hi2c3                                    0x200007d4   Data          84  i2c.o(.bss)
    hspi1                                    0x20000828   Data          88  spi.o(.bss)
    hdma_spi1_rx                             0x20000880   Data          96  spi.o(.bss)
    hdma_spi1_tx                             0x200008e0   Data          96  spi.o(.bss)
    htim5                                    0x20000940   Data          64  tim.o(.bss)
    htim10                                   0x20000980   Data          64  tim.o(.bss)
    xQueueRegistry                           0x200009c0   Data          64  queue.o(.bss)
    accel_dma_rx_buf                         0x20006c00   Data           9  ins_task.o(.bss)
    bmi088_real_data                         0x20006c0c   Data          36  ins_task.o(.bss)
    ist8310_real_data                        0x20006c30   Data          16  ins_task.o(.bss)
    INS_quat                                 0x20006c88   Data          16  ins_task.o(.bss)
    INS_angle                                0x20006c98   Data          12  ins_task.o(.bss)
    __libspace_start                         0x20006ca4   Data          96  libspace.o(.bss)
    __temporary_stack_top$libspace           0x20006d04   Data           0  libspace.o(.bss)



==============================================================================

Memory Map of the image

  Image Entry point : 0x08000189

  Load Region LR_IROM1 (Base: 0x08000000, Size: 0x0000aeb0, Max: 0x00100000, ABSOLUTE, COMPRESSED[0x0000ade4])

    Execution Region ER_IROM1 (Exec base: 0x08000000, Load base: 0x08000000, Size: 0x0000ad84, Max: 0x00100000, ABSOLUTE)

    Exec Addr    Load Addr    Size         Type   Attr      Idx    E Section Name        Object

    0x08000000   0x08000000   0x00000188   Data   RO            3    RESET               startup_stm32f407xx.o
    0x08000188   0x08000188   0x00000008   Code   RO         5890  * !!!main             c_w.l(__main.o)
    0x08000190   0x08000190   0x00000034   Code   RO         6153    !!!scatter          c_w.l(__scatter.o)
    0x080001c4   0x080001c4   0x0000005a   Code   RO         6151    !!dczerorl2         c_w.l(__dczerorl2.o)
    0x0800021e   0x0800021e   0x00000002   PAD
    0x08000220   0x08000220   0x0000001c   Code   RO         6155    !!handler_zi        c_w.l(__scatter_zi.o)
    0x0800023c   0x0800023c   0x00000002   Code   RO         6022    .ARM.Collect$$libinit$$00000000  c_w.l(libinit.o)
    0x0800023e   0x0800023e   0x00000004   Code   RO         6031    .ARM.Collect$$libinit$$00000001  c_w.l(libinit2.o)
    0x08000242   0x08000242   0x00000000   Code   RO         6034    .ARM.Collect$$libinit$$00000004  c_w.l(libinit2.o)
    0x08000242   0x08000242   0x00000000   Code   RO         6037    .ARM.Collect$$libinit$$0000000A  c_w.l(libinit2.o)
    0x08000242   0x08000242   0x00000000   Code   RO         6039    .ARM.Collect$$libinit$$0000000C  c_w.l(libinit2.o)
    0x08000242   0x08000242   0x00000000   Code   RO         6041    .ARM.Collect$$libinit$$0000000E  c_w.l(libinit2.o)
    0x08000242   0x08000242   0x00000000   Code   RO         6044    .ARM.Collect$$libinit$$00000011  c_w.l(libinit2.o)
    0x08000242   0x08000242   0x00000000   Code   RO         6046    .ARM.Collect$$libinit$$00000013  c_w.l(libinit2.o)
    0x08000242   0x08000242   0x00000000   Code   RO         6048    .ARM.Collect$$libinit$$00000015  c_w.l(libinit2.o)
    0x08000242   0x08000242   0x00000000   Code   RO         6050    .ARM.Collect$$libinit$$00000017  c_w.l(libinit2.o)
    0x08000242   0x08000242   0x00000000   Code   RO         6052    .ARM.Collect$$libinit$$00000019  c_w.l(libinit2.o)
    0x08000242   0x08000242   0x00000000   Code   RO         6054    .ARM.Collect$$libinit$$0000001B  c_w.l(libinit2.o)
    0x08000242   0x08000242   0x00000000   Code   RO         6056    .ARM.Collect$$libinit$$0000001D  c_w.l(libinit2.o)
    0x08000242   0x08000242   0x00000000   Code   RO         6058    .ARM.Collect$$libinit$$0000001F  c_w.l(libinit2.o)
    0x08000242   0x08000242   0x00000000   Code   RO         6060    .ARM.Collect$$libinit$$00000021  c_w.l(libinit2.o)
    0x08000242   0x08000242   0x00000000   Code   RO         6062    .ARM.Collect$$libinit$$00000023  c_w.l(libinit2.o)
    0x08000242   0x08000242   0x00000000   Code   RO         6064    .ARM.Collect$$libinit$$00000025  c_w.l(libinit2.o)
    0x08000242   0x08000242   0x00000000   Code   RO         6068    .ARM.Collect$$libinit$$0000002C  c_w.l(libinit2.o)
    0x08000242   0x08000242   0x00000000   Code   RO         6070    .ARM.Collect$$libinit$$0000002E  c_w.l(libinit2.o)
    0x08000242   0x08000242   0x00000000   Code   RO         6072    .ARM.Collect$$libinit$$00000030  c_w.l(libinit2.o)
    0x08000242   0x08000242   0x00000000   Code   RO         6074    .ARM.Collect$$libinit$$00000032  c_w.l(libinit2.o)
    0x08000242   0x08000242   0x00000002   Code   RO         6075    .ARM.Collect$$libinit$$00000033  c_w.l(libinit2.o)
    0x08000244   0x08000244   0x00000002   Code   RO         6106    .ARM.Collect$$libshutdown$$00000000  c_w.l(libshutdown.o)
    0x08000246   0x08000246   0x00000000   Code   RO         6132    .ARM.Collect$$libshutdown$$00000002  c_w.l(libshutdown2.o)
    0x08000246   0x08000246   0x00000000   Code   RO         6134    .ARM.Collect$$libshutdown$$00000004  c_w.l(libshutdown2.o)
    0x08000246   0x08000246   0x00000000   Code   RO         6136    .ARM.Collect$$libshutdown$$00000006  c_w.l(libshutdown2.o)
    0x08000246   0x08000246   0x00000000   Code   RO         6139    .ARM.Collect$$libshutdown$$00000009  c_w.l(libshutdown2.o)
    0x08000246   0x08000246   0x00000000   Code   RO         6142    .ARM.Collect$$libshutdown$$0000000C  c_w.l(libshutdown2.o)
    0x08000246   0x08000246   0x00000000   Code   RO         6144    .ARM.Collect$$libshutdown$$0000000E  c_w.l(libshutdown2.o)
    0x08000246   0x08000246   0x00000000   Code   RO         6147    .ARM.Collect$$libshutdown$$00000011  c_w.l(libshutdown2.o)
    0x08000246   0x08000246   0x00000002   Code   RO         6148    .ARM.Collect$$libshutdown$$00000012  c_w.l(libshutdown2.o)
    0x08000248   0x08000248   0x00000000   Code   RO         5932    .ARM.Collect$$rtentry$$00000000  c_w.l(__rtentry.o)
    0x08000248   0x08000248   0x00000000   Code   RO         5983    .ARM.Collect$$rtentry$$00000002  c_w.l(__rtentry2.o)
    0x08000248   0x08000248   0x00000006   Code   RO         5995    .ARM.Collect$$rtentry$$00000004  c_w.l(__rtentry4.o)
    0x0800024e   0x0800024e   0x00000000   Code   RO         5985    .ARM.Collect$$rtentry$$00000009  c_w.l(__rtentry2.o)
    0x0800024e   0x0800024e   0x00000004   Code   RO         5986    .ARM.Collect$$rtentry$$0000000A  c_w.l(__rtentry2.o)
    0x08000252   0x08000252   0x00000000   Code   RO         5988    .ARM.Collect$$rtentry$$0000000C  c_w.l(__rtentry2.o)
    0x08000252   0x08000252   0x00000008   Code   RO         5989    .ARM.Collect$$rtentry$$0000000D  c_w.l(__rtentry2.o)
    0x0800025a   0x0800025a   0x00000002   Code   RO         6023    .ARM.Collect$$rtexit$$00000000  c_w.l(rtexit.o)
    0x0800025c   0x0800025c   0x00000000   Code   RO         6079    .ARM.Collect$$rtexit$$00000002  c_w.l(rtexit2.o)
    0x0800025c   0x0800025c   0x00000004   Code   RO         6080    .ARM.Collect$$rtexit$$00000003  c_w.l(rtexit2.o)
    0x08000260   0x08000260   0x00000006   Code   RO         6081    .ARM.Collect$$rtexit$$00000004  c_w.l(rtexit2.o)
    0x08000266   0x08000266   0x00000002   PAD
    0x08000268   0x08000268   0x000000be   Code   RO         4948    .emb_text           port.o
    0x08000326   0x08000326   0x00000002   PAD
    0x08000328   0x08000328   0x00000040   Code   RO            4    .text               startup_stm32f407xx.o
    0x08000368   0x08000368   0x000000ee   Code   RO         5874    .text               c_w.l(lludivv7m.o)
    0x08000456   0x08000456   0x0000003e   Code   RO         5876    .text               c_w.l(strlen.o)
    0x08000494   0x08000494   0x0000008a   Code   RO         5878    .text               c_w.l(rt_memcpy_v6.o)
    0x0800051e   0x0800051e   0x00000064   Code   RO         5880    .text               c_w.l(rt_memcpy_w.o)
    0x08000582   0x08000582   0x00000010   Code   RO         5884    .text               c_w.l(aeabi_memset.o)
    0x08000592   0x08000592   0x0000004e   Code   RO         5886    .text               c_w.l(rt_memclr_w.o)
    0x080005e0   0x080005e0   0x00000006   Code   RO         5888    .text               c_w.l(heapauxi.o)
    0x080005e6   0x080005e6   0x00000016   Code   RO         5937    .text               c_w.l(_rserrno.o)
    0x080005fc   0x080005fc   0x00000044   Code   RO         5939    .text               c_w.l(rt_memclr.o)
    0x08000640   0x08000640   0x00000008   Code   RO         6002    .text               c_w.l(rt_errno_addr_intlibspace.o)
    0x08000648   0x08000648   0x00000008   Code   RO         6006    .text               c_w.l(libspace.o)
    0x08000650   0x08000650   0x0000004a   Code   RO         6009    .text               c_w.l(sys_stackheap_outer.o)
    0x0800069a   0x0800069a   0x00000012   Code   RO         6011    .text               c_w.l(exit.o)
    0x080006ac   0x080006ac   0x0000000c   Code   RO         6076    .text               c_w.l(sys_exit.o)
    0x080006b8   0x080006b8   0x00000002   Code   RO         6095    .text               c_w.l(use_no_semi.o)
    0x080006ba   0x080006ba   0x00000000   Code   RO         6097    .text               c_w.l(indicate_semi.o)
    0x080006ba   0x080006ba   0x00000002   PAD
    0x080006bc   0x080006bc   0x00000028   Code   RO         5219    i.AHRS_init         ins_task.o
    0x080006e4   0x080006e4   0x0000006a   Code   RO         5220    i.AHRS_update       ins_task.o
    0x0800074e   0x0800074e   0x00000002   PAD
    0x08000750   0x08000750   0x00000014   Code   RO         5694    i.BMI088_ACCEL_NS_H  bmi088middleware.o
    0x08000764   0x08000764   0x00000014   Code   RO         5695    i.BMI088_ACCEL_NS_L  bmi088middleware.o
    0x08000778   0x08000778   0x00000002   Code   RO         5696    i.BMI088_GPIO_init  bmi088middleware.o
    0x0800077a   0x0800077a   0x00000002   PAD
    0x0800077c   0x0800077c   0x00000014   Code   RO         5697    i.BMI088_GYRO_NS_H  bmi088middleware.o
    0x08000790   0x08000790   0x00000014   Code   RO         5698    i.BMI088_GYRO_NS_L  bmi088middleware.o
    0x080007a4   0x080007a4   0x00000090   Code   RO         5558    i.BMI088_accel_read_over  bmi088driver.o
    0x08000834   0x08000834   0x00000002   Code   RO         5699    i.BMI088_com_init   bmi088middleware.o
    0x08000836   0x08000836   0x0000000c   Code   RO         5700    i.BMI088_delay_ms   bmi088middleware.o
    0x08000842   0x08000842   0x0000000c   Code   RO         5701    i.BMI088_delay_us   bmi088middleware.o
    0x0800084e   0x0800084e   0x00000002   PAD
    0x08000850   0x08000850   0x00000068   Code   RO         5559    i.BMI088_gyro_read_over  bmi088driver.o
    0x080008b8   0x080008b8   0x00000034   Code   RO         5560    i.BMI088_init       bmi088driver.o
    0x080008ec   0x080008ec   0x0000017c   Code   RO         5561    i.BMI088_read       bmi088driver.o
    0x08000a68   0x08000a68   0x00000026   Code   RO         5564    i.BMI088_read_muli_reg  bmi088driver.o
    0x08000a8e   0x08000a8e   0x00000018   Code   RO         5565    i.BMI088_read_single_reg  bmi088driver.o
    0x08000aa6   0x08000aa6   0x00000002   PAD
    0x08000aa8   0x08000aa8   0x00000020   Code   RO         5702    i.BMI088_read_write_byte  bmi088middleware.o
    0x08000ac8   0x08000ac8   0x00000034   Code   RO         5566    i.BMI088_temperature_read_over  bmi088driver.o
    0x08000afc   0x08000afc   0x00000014   Code   RO         5567    i.BMI088_write_single_reg  bmi088driver.o
    0x08000b10   0x08000b10   0x00000004   Code   RO          465    i.BusFault_Handler  stm32f4xx_it.o
    0x08000b14   0x08000b14   0x00000898   Code   RO         5221    i.DMA2_Stream2_IRQHandler  ins_task.o
    0x080013ac   0x080013ac   0x00000034   Code   RO         2821    i.DMA_CalcBaseAndBitshift  stm32f4xx_hal_dma.o
    0x080013e0   0x080013e0   0x000000aa   Code   RO         2822    i.DMA_CheckFifoParam  stm32f4xx_hal_dma.o
    0x0800148a   0x0800148a   0x00000002   Code   RO          466    i.DebugMon_Handler  stm32f4xx_it.o
    0x0800148c   0x0800148c   0x0000000a   Code   RO          467    i.EXTI0_IRQHandler  stm32f4xx_it.o
    0x08001496   0x08001496   0x0000000a   Code   RO          468    i.EXTI3_IRQHandler  stm32f4xx_it.o
    0x080014a0   0x080014a0   0x0000000a   Code   RO          469    i.EXTI4_IRQHandler  stm32f4xx_it.o
    0x080014aa   0x080014aa   0x0000000a   Code   RO          470    i.EXTI9_5_IRQHandler  stm32f4xx_it.o
    0x080014b4   0x080014b4   0x00000002   Code   RO           13    i.Error_Handler     main.o
    0x080014b6   0x080014b6   0x00000002   PAD
    0x080014b8   0x080014b8   0x000000ec   Code   RO         2830    i.HAL_DMA_Init      stm32f4xx_hal_dma.o
    0x080015a4   0x080015a4   0x000000d4   Code   RO         5222    i.HAL_GPIO_EXTI_Callback  ins_task.o
    0x08001678   0x08001678   0x0000001c   Code   RO         2716    i.HAL_GPIO_EXTI_IRQHandler  stm32f4xx_hal_gpio.o
    0x08001694   0x08001694   0x00000200   Code   RO         2717    i.HAL_GPIO_Init     stm32f4xx_hal_gpio.o
    0x08001894   0x08001894   0x0000000c   Code   RO         2721    i.HAL_GPIO_WritePin  stm32f4xx_hal_gpio.o
    0x080018a0   0x080018a0   0x0000000c   Code   RO         3254    i.HAL_GetTick       stm32f4xx_hal.o
    0x080018ac   0x080018ac   0x000001b8   Code   RO          587    i.HAL_I2C_Init      stm32f4xx_hal_i2c.o
    0x08001a64   0x08001a64   0x000002f4   Code   RO          605    i.HAL_I2C_Mem_Read  stm32f4xx_hal_i2c.o
    0x08001d58   0x08001d58   0x00000164   Code   RO          608    i.HAL_I2C_Mem_Write  stm32f4xx_hal_i2c.o
    0x08001ebc   0x08001ebc   0x000000c8   Code   RO          328    i.HAL_I2C_MspInit   i2c.o
    0x08001f84   0x08001f84   0x00000018   Code   RO         3260    i.HAL_IncTick       stm32f4xx_hal.o
    0x08001f9c   0x08001f9c   0x0000003c   Code   RO         3261    i.HAL_Init          stm32f4xx_hal.o
    0x08001fd8   0x08001fd8   0x0000004c   Code   RO         3262    i.HAL_InitTick      stm32f4xx_hal.o
    0x08002024   0x08002024   0x00000054   Code   RO          552    i.HAL_MspInit       stm32f4xx_hal_msp.o
    0x08002078   0x08002078   0x00000020   Code   RO         3106    i.HAL_NVIC_EnableIRQ  stm32f4xx_hal_cortex.o
    0x08002098   0x08002098   0x0000007c   Code   RO         3112    i.HAL_NVIC_SetPriority  stm32f4xx_hal_cortex.o
    0x08002114   0x08002114   0x00000028   Code   RO         3113    i.HAL_NVIC_SetPriorityGrouping  stm32f4xx_hal_cortex.o
    0x0800213c   0x0800213c   0x00000180   Code   RO         2318    i.HAL_RCC_ClockConfig  stm32f4xx_hal_rcc.o
    0x080022bc   0x080022bc   0x0000000c   Code   RO         2323    i.HAL_RCC_GetHCLKFreq  stm32f4xx_hal_rcc.o
    0x080022c8   0x080022c8   0x00000020   Code   RO         2325    i.HAL_RCC_GetPCLK1Freq  stm32f4xx_hal_rcc.o
    0x080022e8   0x080022e8   0x000000b0   Code   RO         2327    i.HAL_RCC_GetSysClockFreq  stm32f4xx_hal_rcc.o
    0x08002398   0x08002398   0x00000448   Code   RO         2330    i.HAL_RCC_OscConfig  stm32f4xx_hal_rcc.o
    0x080027e0   0x080027e0   0x0000008c   Code   RO         1067    i.HAL_SPI_Init      stm32f4xx_hal_spi.o
    0x0800286c   0x0800286c   0x00000158   Code   RO          370    i.HAL_SPI_MspInit   spi.o
    0x080029c4   0x080029c4   0x0000022a   Code   RO         1076    i.HAL_SPI_TransmitReceive  stm32f4xx_hal_spi.o
    0x08002bee   0x08002bee   0x00000034   Code   RO         3117    i.HAL_SYSTICK_Config  stm32f4xx_hal_cortex.o
    0x08002c22   0x08002c22   0x00000054   Code   RO         2084    i.HAL_TIMEx_MasterConfigSynchronization  stm32f4xx_hal_tim_ex.o
    0x08002c76   0x08002c76   0x00000034   Code   RO         1380    i.HAL_TIM_Base_Init  stm32f4xx_hal_tim.o
    0x08002caa   0x08002caa   0x00000002   PAD
    0x08002cac   0x08002cac   0x00000064   Code   RO          412    i.HAL_TIM_Base_MspInit  tim.o
    0x08002d10   0x08002d10   0x0000002a   Code   RO         1383    i.HAL_TIM_Base_Start  stm32f4xx_hal_tim.o
    0x08002d3a   0x08002d3a   0x00000108   Code   RO         1389    i.HAL_TIM_ConfigClockSource  stm32f4xx_hal_tim.o
    0x08002e42   0x08002e42   0x00000002   PAD
    0x08002e44   0x08002e44   0x000000e4   Code   RO          413    i.HAL_TIM_MspPostInit  tim.o
    0x08002f28   0x08002f28   0x00000108   Code   RO         1447    i.HAL_TIM_PWM_ConfigChannel  stm32f4xx_hal_tim.o
    0x08003030   0x08003030   0x00000034   Code   RO         1450    i.HAL_TIM_PWM_Init  stm32f4xx_hal_tim.o
    0x08003064   0x08003064   0x00000002   Code   RO         1452    i.HAL_TIM_PWM_MspInit  stm32f4xx_hal_tim.o
    0x08003066   0x08003066   0x00000002   PAD
    0x08003068   0x08003068   0x00000058   Code   RO         1455    i.HAL_TIM_PWM_Start  stm32f4xx_hal_tim.o
    0x080030c0   0x080030c0   0x00000004   Code   RO          471    i.HardFault_Handler  stm32f4xx_it.o
    0x080030c4   0x080030c4   0x0000003e   Code   RO          630    i.I2C_IsAcknowledgeFailed  stm32f4xx_hal_i2c.o
    0x08003102   0x08003102   0x00000002   PAD
    0x08003104   0x08003104   0x00000138   Code   RO          640    i.I2C_RequestMemoryRead  stm32f4xx_hal_i2c.o
    0x0800323c   0x0800323c   0x000000cc   Code   RO          641    i.I2C_RequestMemoryWrite  stm32f4xx_hal_i2c.o
    0x08003308   0x08003308   0x0000005c   Code   RO          649    i.I2C_WaitOnBTFFlagUntilTimeout  stm32f4xx_hal_i2c.o
    0x08003364   0x08003364   0x00000086   Code   RO          650    i.I2C_WaitOnFlagUntilTimeout  stm32f4xx_hal_i2c.o
    0x080033ea   0x080033ea   0x000000c4   Code   RO          651    i.I2C_WaitOnMasterAddressFlagUntilTimeout  stm32f4xx_hal_i2c.o
    0x080034ae   0x080034ae   0x00000080   Code   RO          652    i.I2C_WaitOnRXNEFlagUntilTimeout  stm32f4xx_hal_i2c.o
    0x0800352e   0x0800352e   0x0000005c   Code   RO          654    i.I2C_WaitOnTXEFlagUntilTimeout  stm32f4xx_hal_i2c.o
    0x0800358a   0x0800358a   0x00000002   PAD
    0x0800358c   0x0800358c   0x00000174   Code   RO         5223    i.INS_task          ins_task.o
    0x08003700   0x08003700   0x00000048   Code   RO          241    i.MX_DMA_Init       dma.o
    0x08003748   0x08003748   0x00000060   Code   RO          265    i.MX_FREERTOS_Init  freertos.o
    0x080037a8   0x080037a8   0x000001a4   Code   RO          217    i.MX_GPIO_Init      gpio.o
    0x0800394c   0x0800394c   0x0000003c   Code   RO          329    i.MX_I2C3_Init      i2c.o
    0x08003988   0x08003988   0x00000048   Code   RO          371    i.MX_SPI1_Init      spi.o
    0x080039d0   0x080039d0   0x0000006c   Code   RO          414    i.MX_TIM10_Init     tim.o
    0x08003a3c   0x08003a3c   0x000000c4   Code   RO          415    i.MX_TIM5_Init      tim.o
    0x08003b00   0x08003b00   0x000005ac   Code   RO         5488    i.MahonyAHRSupdate  mahonyahrs.o
    0x080040ac   0x080040ac   0x000002fc   Code   RO         5489    i.MahonyAHRSupdateIMU  mahonyahrs.o
    0x080043a8   0x080043a8   0x00000004   Code   RO          472    i.MemManage_Handler  stm32f4xx_it.o
    0x080043ac   0x080043ac   0x00000002   Code   RO          473    i.NMI_Handler       stm32f4xx_it.o
    0x080043ae   0x080043ae   0x00000002   PAD
    0x080043b0   0x080043b0   0x000001f0   Code   RO         5522    i.PID_calc          pid.o
    0x080045a0   0x080045a0   0x00000060   Code   RO         5524    i.PID_init          pid.o
    0x08004600   0x08004600   0x0000273c   Code   RO         5185    i.SPI1_DMA_enable   bsp_spi.o
    0x08006d3c   0x08006d3c   0x00000180   Code   RO         5186    i.SPI1_DMA_init     bsp_spi.o
    0x08006ebc   0x08006ebc   0x0000006c   Code   RO         1105    i.SPI_EndRxTxTransaction  stm32f4xx_hal_spi.o
    0x08006f28   0x08006f28   0x000000a8   Code   RO         1110    i.SPI_WaitFlagStateUntilTimeout  stm32f4xx_hal_spi.o
    0x08006fd0   0x08006fd0   0x0000000c   Code   RO          474    i.SysTick_Handler   stm32f4xx_it.o
    0x08006fdc   0x08006fdc   0x000000b4   Code   RO           14    i.SystemClock_Config  main.o
    0x08007090   0x08007090   0x00000064   Code   RO         3497    i.SystemInit        system_stm32f4xx.o
    0x080070f4   0x080070f4   0x000000d8   Code   RO         1468    i.TIM_Base_SetConfig  stm32f4xx_hal_tim.o
    0x080071cc   0x080071cc   0x00000022   Code   RO         1469    i.TIM_CCxChannelCmd  stm32f4xx_hal_tim.o
    0x080071ee   0x080071ee   0x00000016   Code   RO         1479    i.TIM_ETR_SetConfig  stm32f4xx_hal_tim.o
    0x08007204   0x08007204   0x00000012   Code   RO         1480    i.TIM_ITRx_SetConfig  stm32f4xx_hal_tim.o
    0x08007216   0x08007216   0x00000002   PAD
    0x08007218   0x08007218   0x00000070   Code   RO         1481    i.TIM_OC1_SetConfig  stm32f4xx_hal_tim.o
    0x08007288   0x08007288   0x0000007c   Code   RO         1482    i.TIM_OC2_SetConfig  stm32f4xx_hal_tim.o
    0x08007304   0x08007304   0x00000078   Code   RO         1483    i.TIM_OC3_SetConfig  stm32f4xx_hal_tim.o
    0x0800737c   0x0800737c   0x00000054   Code   RO         1484    i.TIM_OC4_SetConfig  stm32f4xx_hal_tim.o
    0x080073d0   0x080073d0   0x00000026   Code   RO         1486    i.TIM_TI1_ConfigInputStage  stm32f4xx_hal_tim.o
    0x080073f6   0x080073f6   0x00000028   Code   RO         1488    i.TIM_TI2_ConfigInputStage  stm32f4xx_hal_tim.o
    0x0800741e   0x0800741e   0x00000004   Code   RO          475    i.UsageFault_Handler  stm32f4xx_it.o
    0x08007422   0x08007422   0x00000026   Code   RO         5954    i.__ARM_fpclassifyf  m_wm.l(fpclassifyf.o)
    0x08007448   0x08007448   0x00000010   Code   RO         3119    i.__NVIC_GetPriorityGrouping  stm32f4xx_hal_cortex.o
    0x08007458   0x08007458   0x00000028   Code   RO         3120    i.__NVIC_SetPriority  stm32f4xx_hal_cortex.o
    0x08007480   0x08007480   0x0000012c   Code   RO         5896    i.__hardfp_asinf    m_wm.l(asinf.o)
    0x080075ac   0x080075ac   0x000002ac   Code   RO         5908    i.__hardfp_atan2f   m_wm.l(atan2f.o)
    0x08007858   0x08007858   0x0000007a   Code   RO         5920    i.__hardfp_sqrt     m_wm.l(sqrt.o)
    0x080078d2   0x080078d2   0x00000006   Code   RO         5957    i.__mathlib_flt_infnan  m_wm.l(funder.o)
    0x080078d8   0x080078d8   0x00000006   Code   RO         5958    i.__mathlib_flt_infnan2  m_wm.l(funder.o)
    0x080078de   0x080078de   0x00000002   PAD
    0x080078e0   0x080078e0   0x00000010   Code   RO         5959    i.__mathlib_flt_invalid  m_wm.l(funder.o)
    0x080078f0   0x080078f0   0x00000010   Code   RO         5962    i.__mathlib_flt_underflow  m_wm.l(funder.o)
    0x08007900   0x08007900   0x00000068   Code   RO         5156    i.aRGB_led_show     bsp_led.o
    0x08007968   0x08007968   0x00000134   Code   RO         5568    i.bmi088_accel_init  bmi088driver.o
    0x08007a9c   0x08007a9c   0x000002fc   Code   RO         5569    i.bmi088_accel_self_test  bmi088driver.o
    0x08007d98   0x08007d98   0x000000f4   Code   RO         5570    i.bmi088_gyro_init  bmi088driver.o
    0x08007e8c   0x08007e8c   0x000000d0   Code   RO         5571    i.bmi088_gyro_self_test  bmi088driver.o
    0x08007f5c   0x08007f5c   0x00000030   Code   RO         5028    i.delay_init        bsp_delay.o
    0x08007f8c   0x08007f8c   0x00000050   Code   RO         5030    i.delay_us          bsp_delay.o
    0x08007fdc   0x08007fdc   0x000000dc   Code   RO         5224    i.get_angle         ins_task.o
    0x080080b8   0x080080b8   0x000001a8   Code   RO         5225    i.imu_cmd_spi_dma   ins_task.o
    0x08008260   0x08008260   0x0000000c   Code   RO         5128    i.imu_pwm_set       bsp_imu_pwm.o
    0x0800826c   0x0800826c   0x000000a4   Code   RO         5226    i.imu_temp_control  ins_task.o
    0x08008310   0x08008310   0x0000003c   Code   RO         5490    i.invSqrt           mahonyahrs.o
    0x0800834c   0x0800834c   0x00000002   Code   RO         5796    i.ist8310_GPIO_init  ist8310driver_middleware.o
    0x0800834e   0x0800834e   0x00000002   PAD
    0x08008350   0x08008350   0x00000024   Code   RO         5797    i.ist8310_IIC_read_muli_reg  ist8310driver_middleware.o
    0x08008374   0x08008374   0x00000028   Code   RO         5798    i.ist8310_IIC_read_single_reg  ist8310driver_middleware.o
    0x0800839c   0x0800839c   0x00000028   Code   RO         5800    i.ist8310_IIC_write_single_reg  ist8310driver_middleware.o
    0x080083c4   0x080083c4   0x00000014   Code   RO         5801    i.ist8310_RST_H     ist8310driver_middleware.o
    0x080083d8   0x080083d8   0x00000014   Code   RO         5802    i.ist8310_RST_L     ist8310driver_middleware.o
    0x080083ec   0x080083ec   0x00000002   Code   RO         5803    i.ist8310_com_init  ist8310driver_middleware.o
    0x080083ee   0x080083ee   0x0000000c   Code   RO         5804    i.ist8310_delay_ms  ist8310driver_middleware.o
    0x080083fa   0x080083fa   0x00000002   PAD
    0x080083fc   0x080083fc   0x00000094   Code   RO         5764    i.ist8310_init      ist8310driver.o
    0x08008490   0x08008490   0x0000008c   Code   RO         5765    i.ist8310_read_mag  ist8310driver.o
    0x0800851c   0x0800851c   0x000001b0   Code   RO         5330    i.led_RGB_flow_task  led_flow_task.o
    0x080086cc   0x080086cc   0x00000030   Code   RO           15    i.main              main.o
    0x080086fc   0x080086fc   0x0000000e   Code   RO         4520    i.makeFreeRtosPriority  cmsis_os.o
    0x0800870a   0x0800870a   0x00000018   Code   RO         4522    i.osDelay           cmsis_os.o
    0x08008722   0x08008722   0x0000000a   Code   RO         4525    i.osKernelStart     cmsis_os.o
    0x0800872c   0x0800872c   0x00000010   Code   RO         4558    i.osSystickHandler  cmsis_os.o
    0x0800873c   0x0800873c   0x0000005e   Code   RO         4559    i.osThreadCreate    cmsis_os.o
    0x0800879a   0x0800879a   0x00000002   PAD
    0x0800879c   0x0800879c   0x00000030   Code   RO         4017    i.pcTaskGetName     tasks.o
    0x080087cc   0x080087cc   0x000000a4   Code   RO         4018    i.prvAddCurrentTaskToDelayedList  tasks.o
    0x08008870   0x08008870   0x000000b4   Code   RO         4019    i.prvAddNewTaskToReadyList  tasks.o
    0x08008924   0x08008924   0x00000074   Code   RO         4367    i.prvCheckForValidListAndQueue  timers.o
    0x08008998   0x08008998   0x00000048   Code   RO         4020    i.prvCheckTasksWaitingTermination  tasks.o
    0x080089e0   0x080089e0   0x0000002a   Code   RO         3674    i.prvCopyDataFromQueue  queue.o
    0x08008a0a   0x08008a0a   0x0000007c   Code   RO         3675    i.prvCopyDataToQueue  queue.o
    0x08008a86   0x08008a86   0x00000050   Code   RO         4021    i.prvDeleteTCB      tasks.o
    0x08008ad6   0x08008ad6   0x00000002   PAD
    0x08008ad8   0x08008ad8   0x00000028   Code   RO         4368    i.prvGetNextExpireTime  timers.o
    0x08008b00   0x08008b00   0x0000007c   Code   RO         4899    i.prvHeapInit       heap_4.o
    0x08008b7c   0x08008b7c   0x00000028   Code   RO         4022    i.prvIdleTask       tasks.o
    0x08008ba4   0x08008ba4   0x00000026   Code   RO         3678    i.prvInitialiseNewQueue  queue.o
    0x08008bca   0x08008bca   0x000000b8   Code   RO         4023    i.prvInitialiseNewTask  tasks.o
    0x08008c82   0x08008c82   0x00000002   PAD
    0x08008c84   0x08008c84   0x00000068   Code   RO         4024    i.prvInitialiseTaskLists  tasks.o
    0x08008cec   0x08008cec   0x00000068   Code   RO         4900    i.prvInsertBlockIntoFreeList  heap_4.o
    0x08008d54   0x08008d54   0x00000058   Code   RO         4370    i.prvInsertTimerInActiveList  timers.o
    0x08008dac   0x08008dac   0x0000001a   Code   RO         3679    i.prvIsQueueEmpty   queue.o
    0x08008dc6   0x08008dc6   0x0000001e   Code   RO         3680    i.prvIsQueueFull    queue.o
    0x08008de4   0x08008de4   0x00000064   Code   RO         4371    i.prvProcessExpiredTimer  timers.o
    0x08008e48   0x08008e48   0x00000128   Code   RO         4372    i.prvProcessReceivedCommands  timers.o
    0x08008f70   0x08008f70   0x00000074   Code   RO         4373    i.prvProcessTimerOrBlockTask  timers.o
    0x08008fe4   0x08008fe4   0x00000034   Code   RO         4025    i.prvResetNextTaskUnblockTime  tasks.o
    0x08009018   0x08009018   0x0000002c   Code   RO         4374    i.prvSampleTimeNow  timers.o
    0x08009044   0x08009044   0x0000009e   Code   RO         4026    i.prvSearchForNameWithinSingleList  tasks.o
    0x080090e2   0x080090e2   0x00000002   PAD
    0x080090e4   0x080090e4   0x000000a0   Code   RO         4375    i.prvSwitchTimerLists  timers.o
    0x08009184   0x08009184   0x00000040   Code   RO         4949    i.prvTaskExitError  port.o
    0x080091c4   0x080091c4   0x0000001a   Code   RO         4376    i.prvTimerTask      timers.o
    0x080091de   0x080091de   0x0000007e   Code   RO         3681    i.prvUnlockQueue    queue.o
    0x0800925c   0x0800925c   0x0000013c   Code   RO         4901    i.pvPortMalloc      heap_4.o
    0x08009398   0x08009398   0x0000002c   Code   RO         4950    i.pxPortInitialiseStack  port.o
    0x080093c4   0x080093c4   0x0000003e   Code   RO         5972    i.sqrtf             m_wm.l(sqrtf.o)
    0x08009402   0x08009402   0x0000000a   Code   RO         5383    i.test_task         test_task.o
    0x0800940c   0x0800940c   0x00000074   Code   RO         4030    i.ulTaskNotifyTake  tasks.o
    0x08009480   0x08009480   0x00000028   Code   RO         3634    i.uxListRemove      list.o
    0x080094a8   0x080094a8   0x00000018   Code   RO          267    i.vApplicationGetIdleTaskMemory  freertos.o
    0x080094c0   0x080094c0   0x00000018   Code   RO          268    i.vApplicationGetTimerTaskMemory  freertos.o
    0x080094d8   0x080094d8   0x0000001a   Code   RO         3635    i.vListInitialise   list.o
    0x080094f2   0x080094f2   0x00000006   Code   RO         3636    i.vListInitialiseItem  list.o
    0x080094f8   0x080094f8   0x00000034   Code   RO         3637    i.vListInsert       list.o
    0x0800952c   0x0800952c   0x00000018   Code   RO         3638    i.vListInsertEnd    list.o
    0x08009544   0x08009544   0x00000054   Code   RO         4952    i.vPortEnterCritical  port.o
    0x08009598   0x08009598   0x0000003c   Code   RO         4953    i.vPortExitCritical  port.o
    0x080095d4   0x080095d4   0x00000094   Code   RO         4902    i.vPortFree         heap_4.o
    0x08009668   0x08009668   0x00000028   Code   RO         4954    i.vPortSetupTimerInterrupt  port.o
    0x08009690   0x08009690   0x00000078   Code   RO         4955    i.vPortValidateInterruptPriority  port.o
    0x08009708   0x08009708   0x0000002c   Code   RO         3685    i.vQueueAddToRegistry  queue.o
    0x08009734   0x08009734   0x0000004a   Code   RO         3688    i.vQueueWaitForMessageRestricted  queue.o
    0x0800977e   0x0800977e   0x00000002   PAD
    0x08009780   0x08009780   0x0000005c   Code   RO         4036    i.vTaskDelay        tasks.o
    0x080097dc   0x080097dc   0x00000018   Code   RO         4040    i.vTaskInternalSetTimeOutState  tasks.o
    0x080097f4   0x080097f4   0x0000000c   Code   RO         4041    i.vTaskMissedYield  tasks.o
    0x08009800   0x08009800   0x000000f0   Code   RO         4042    i.vTaskNotifyGiveFromISR  tasks.o
    0x080098f0   0x080098f0   0x00000038   Code   RO         4043    i.vTaskPlaceOnEventList  tasks.o
    0x08009928   0x08009928   0x00000040   Code   RO         4044    i.vTaskPlaceOnEventListRestricted  tasks.o
    0x08009968   0x08009968   0x000000b8   Code   RO         4051    i.vTaskStartScheduler  tasks.o
    0x08009a20   0x08009a20   0x00000010   Code   RO         4053    i.vTaskSuspendAll   tasks.o
    0x08009a30   0x08009a30   0x0000008c   Code   RO         4054    i.vTaskSwitchContext  tasks.o
    0x08009abc   0x08009abc   0x00000168   Code   RO         4956    i.xPortStartScheduler  port.o
    0x08009c24   0x08009c24   0x00000034   Code   RO         4957    i.xPortSysTickHandler  port.o
    0x08009c58   0x08009c58   0x000000de   Code   RO         3692    i.xQueueGenericCreateStatic  queue.o
    0x08009d36   0x08009d36   0x00000002   PAD
    0x08009d38   0x08009d38   0x00000098   Code   RO         3693    i.xQueueGenericReset  queue.o
    0x08009dd0   0x08009dd0   0x000001a8   Code   RO         3694    i.xQueueGenericSend  queue.o
    0x08009f78   0x08009f78   0x000000f8   Code   RO         3695    i.xQueueGenericSendFromISR  queue.o
    0x0800a070   0x0800a070   0x00000168   Code   RO         3703    i.xQueueReceive     queue.o
    0x0800a1d8   0x0800a1d8   0x000000a8   Code   RO         4056    i.xTaskCheckForTimeOut  tasks.o
    0x0800a280   0x0800a280   0x00000064   Code   RO         4057    i.xTaskCreate       tasks.o
    0x0800a2e4   0x0800a2e4   0x000000b8   Code   RO         4058    i.xTaskCreateStatic  tasks.o
    0x0800a39c   0x0800a39c   0x000000a4   Code   RO         4062    i.xTaskGetHandle    tasks.o
    0x0800a440   0x0800a440   0x00000020   Code   RO         4063    i.xTaskGetSchedulerState  tasks.o
    0x0800a460   0x0800a460   0x0000000c   Code   RO         4064    i.xTaskGetTickCount  tasks.o
    0x0800a46c   0x0800a46c   0x00000148   Code   RO         4066    i.xTaskIncrementTick  tasks.o
    0x0800a5b4   0x0800a5b4   0x000000c8   Code   RO         4069    i.xTaskPriorityDisinherit  tasks.o
    0x0800a67c   0x0800a67c   0x00000098   Code   RO         4071    i.xTaskRemoveFromEventList  tasks.o
    0x0800a714   0x0800a714   0x00000104   Code   RO         4072    i.xTaskResumeAll    tasks.o
    0x0800a818   0x0800a818   0x00000078   Code   RO         4381    i.xTimerCreateTimerTask  timers.o
    0x0800a890   0x0800a890   0x00000084   Code   RO         4382    i.xTimerGenericCommand  timers.o
    0x0800a914   0x0800a914   0x00000062   Code   RO         5892    x$fpl$d2f           fz_wm.l(d2f.o)
    0x0800a976   0x0800a976   0x0000009c   Code   RO         5943    x$fpl$dnaninf       fz_wm.l(dnaninf.o)
    0x0800aa12   0x0800aa12   0x0000000c   Code   RO         5945    x$fpl$dretinf       fz_wm.l(dretinf.o)
    0x0800aa1e   0x0800aa1e   0x00000002   PAD
    0x0800aa20   0x0800aa20   0x00000198   Code   RO         5947    x$fpl$dsqrt         fz_wm.l(dsqrt_umaal.o)
    0x0800abb8   0x0800abb8   0x00000056   Code   RO         5894    x$fpl$f2d           fz_wm.l(f2d.o)
    0x0800ac0e   0x0800ac0e   0x0000008c   Code   RO         5949    x$fpl$fnaninf       fz_wm.l(fnaninf.o)
    0x0800ac9a   0x0800ac9a   0x0000000a   Code   RO         6091    x$fpl$fpinit        fz_wm.l(fpinit.o)
    0x0800aca4   0x0800aca4   0x0000000a   Code   RO         5951    x$fpl$fretinf       fz_wm.l(fretinf.o)
    0x0800acae   0x0800acae   0x00000000   Code   RO         5953    x$fpl$usenofp       fz_wm.l(usenofp.o)
    0x0800acae   0x0800acae   0x00000002   PAD
    0x0800acb0   0x0800acb0   0x00000054   Data   RO          270    .constdata          freertos.o
    0x0800ad04   0x0800ad04   0x00000008   Data   RO         2836    .constdata          stm32f4xx_hal_dma.o
    0x0800ad0c   0x0800ad0c   0x00000018   Data   RO         3498    .constdata          system_stm32f4xx.o
    0x0800ad24   0x0800ad24   0x0000000c   Data   RO         5228    .constdata          ins_task.o
    0x0800ad30   0x0800ad30   0x00000012   Data   RO         5576    .constdata          bmi088driver.o
    0x0800ad42   0x0800ad42   0x0000000c   Data   RO         5767    .constdata          ist8310driver.o
    0x0800ad4e   0x0800ad4e   0x00000002   PAD
    0x0800ad50   0x0800ad50   0x00000011   Data   RO          271    .conststring        freertos.o
    0x0800ad61   0x0800ad61   0x00000003   PAD
    0x0800ad64   0x0800ad64   0x00000020   Data   RO         6149    Region$$Table       anon$$obj.o


    Execution Region RW_IRAM1 (Exec base: 0x20000000, Load base: 0x0800ad84, Size: 0x0000ad08, Max: 0x00020000, ABSOLUTE, COMPRESSED[0x00000060])

    Exec Addr    Load Addr    Size         Type   Attr      Idx    E Section Name        Object

    0x20000000   COMPRESSED   0x0000000c   Data   RW          272    .data               freertos.o
    0x2000000c   COMPRESSED   0x00000009   Data   RW         3268    .data               stm32f4xx_hal.o
    0x20000015   COMPRESSED   0x00000003   PAD
    0x20000018   COMPRESSED   0x00000004   Data   RW         3499    .data               system_stm32f4xx.o
    0x2000001c   COMPRESSED   0x0000003c   Data   RW         4075    .data               tasks.o
    0x20000058   COMPRESSED   0x00000014   Data   RW         4390    .data               timers.o
    0x2000006c   COMPRESSED   0x00000018   Data   RW         4907    .data               heap_4.o
    0x20000084   COMPRESSED   0x0000000c   Data   RW         4958    .data               port.o
    0x20000090   COMPRESSED   0x00000008   Data   RW         5031    .data               bsp_delay.o
    0x20000098   COMPRESSED   0x00000008   Data   RW         5157    .data               bsp_led.o
    0x200000a0   COMPRESSED   0x00000030   Data   RW         5229    .data               ins_task.o
    0x200000d0   COMPRESSED   0x0000001c   Data   RW         5331    .data               led_flow_task.o
    0x200000ec   COMPRESSED   0x00000014   Data   RW         5491    .data               mahonyahrs.o
    0x20000100   COMPRESSED   0x0000002c   Data   RW         5577    .data               bmi088driver.o
    0x2000012c        -       0x000006a8   Zero   RW          269    .bss                freertos.o
    0x200007d4        -       0x00000054   Zero   RW          330    .bss                i2c.o
    0x20000828        -       0x00000118   Zero   RW          372    .bss                spi.o
    0x20000940        -       0x00000080   Zero   RW          416    .bss                tim.o
    0x200009c0        -       0x00000040   Zero   RW         3706    .bss                queue.o
    0x20000a00        -       0x000000f0   Zero   RW         4074    .bss                tasks.o
    0x20000af0        -       0x00000110   Zero   RW         4389    .bss                timers.o
    0x20000c00        -       0x00006000   Zero   RW         4906    .bss                heap_4.o
    0x20006c00        -       0x000000a4   Zero   RW         5227    .bss                ins_task.o
    0x20006ca4        -       0x00000060   Zero   RW         6007    .bss                c_w.l(libspace.o)
    0x20006d04   COMPRESSED   0x00000004   PAD
    0x20006d08        -       0x00002000   Zero   RW            2    HEAP                startup_stm32f407xx.o
    0x20008d08        -       0x00002000   Zero   RW            1    STACK               startup_stm32f407xx.o


==============================================================================

Image component sizes


      Code (inc. data)   RO Data    RW Data    ZI Data      Debug   Object Name

      2338         40         18         44          0      10635   bmi088driver.o
       140         28          0          0          0       4852   bmi088middleware.o
       128         20          0          8          0     589332   bsp_delay.o
        12          4          0          0          0        502   bsp_imu_pwm.o
       104         22          0          8          0        592   bsp_led.o
     10428        170          0          0          0       5666   bsp_spi.o
       158          0          0          0          0      22590   cmsis_os.o
        72          4          0          0          0        758   dma.o
         0          0          0          0          0      17836   event_groups.o
       144         36        101         12       1704       2883   freertos.o
       420         26          0          0          0       1131   gpio.o
       692         62          0         24      24576       4791   heap_4.o
       260         30          0          0         84       1697   i2c.o
      3738        248         12         48        164      17071   ins_task.o
       288         10         12          0          0       2186   ist8310driver.o
       172         28          0          0          0       5235   ist8310driver_middleware.o
       432         10          0         28          0       1665   led_flow_task.o
       148          0          0          0          0       3582   list.o
      2276         72          0         20          0       4933   mahonyahrs.o
       230         10          0          0          0     727536   main.o
       592          8          0          0          0       1918   pid.o
      1014         92          0         12          0      12089   port.o
      1910         20          0          0         64      14680   queue.o
       416         38          0          0        280       1907   spi.o
        64         26        392          0      16384        848   startup_stm32f407xx.o
       172         32          0          9          0       3941   stm32f4xx_hal.o
       304         22          0          0          0      34479   stm32f4xx_hal_cortex.o
       458         10          8          0          0       2783   stm32f4xx_hal_dma.o
       552         50          0          0          0       2959   stm32f4xx_hal_gpio.o
      2772         46          0          0          0      11646   stm32f4xx_hal_i2c.o
        84          6          0          0          0        842   stm32f4xx_hal_msp.o
      1700         74          0          0          0       4969   stm32f4xx_hal_rcc.o
       970          8          0          0          0       4521   stm32f4xx_hal_spi.o
      1572         90          0          0          0      12871   stm32f4xx_hal_tim.o
        84          0          0          0          0       1288   stm32f4xx_hal_tim_ex.o
        72          0          0          0          0       5197   stm32f4xx_it.o
         0          0          0          0          0        384   stream_buffer.o
       100         18         24          4          0       1167   system_stm32f4xx.o
      3626        412          0         60        240      29363   tasks.o
        10          0          0          0          0        520   test_task.o
       632         58          0          0        128       3147   tim.o
      1238        124          0         20        272      27115   timers.o

    ----------------------------------------------------------------------
     40564       1954        604        300      43896    1604107   Object Totals
         0          0         32          0          0          0   (incl. Generated)
        42          0          5          3          0          0   (incl. Padding)

    ----------------------------------------------------------------------

      Code (inc. data)   RO Data    RW Data    ZI Data      Debug   Library Member Name

        90          0          0          0          0          0   __dczerorl2.o
         8          0          0          0          0         68   __main.o
         0          0          0          0          0          0   __rtentry.o
        12          0          0          0          0          0   __rtentry2.o
         6          0          0          0          0          0   __rtentry4.o
        52          8          0          0          0          0   __scatter.o
        28          0          0          0          0          0   __scatter_zi.o
        22          0          0          0          0        100   _rserrno.o
        16          0          0          0          0         68   aeabi_memset.o
        18          0          0          0          0         80   exit.o
         6          0          0          0          0        152   heapauxi.o
         0          0          0          0          0          0   indicate_semi.o
         2          0          0          0          0          0   libinit.o
         6          0          0          0          0          0   libinit2.o
         2          0          0          0          0          0   libshutdown.o
         2          0          0          0          0          0   libshutdown2.o
         8          4          0          0         96         68   libspace.o
       238          0          0          0          0        100   lludivv7m.o
         8          4          0          0          0         68   rt_errno_addr_intlibspace.o
        68          0          0          0          0         68   rt_memclr.o
        78          0          0          0          0         80   rt_memclr_w.o
       138          0          0          0          0         68   rt_memcpy_v6.o
       100          0          0          0          0         80   rt_memcpy_w.o
         2          0          0          0          0          0   rtexit.o
        10          0          0          0          0          0   rtexit2.o
        62          0          0          0          0         76   strlen.o
        12          4          0          0          0         68   sys_exit.o
        74          0          0          0          0         80   sys_stackheap_outer.o
         2          0          0          0          0         68   use_no_semi.o
        98          4          0          0          0        140   d2f.o
       156          4          0          0          0        140   dnaninf.o
        12          0          0          0          0        116   dretinf.o
       408         56          0          0          0        168   dsqrt_umaal.o
        86          4          0          0          0        132   f2d.o
       140          4          0          0          0        132   fnaninf.o
        10          0          0          0          0        116   fpinit.o
        10          0          0          0          0        116   fretinf.o
         0          0          0          0          0          0   usenofp.o
       300         42          0          0          0        176   asinf.o
       684         90          0          0          0        208   atan2f.o
        38          0          0          0          0        116   fpclassifyf.o
        44         12          0          0          0        464   funder.o
       122          0          0          0          0        148   sqrt.o
        62          0          0          0          0        136   sqrtf.o

    ----------------------------------------------------------------------
      3252        236          0          0        100       3600   Library Totals
        12          0          0          0          4          0   (incl. Padding)

    ----------------------------------------------------------------------

      Code (inc. data)   RO Data    RW Data    ZI Data      Debug   Library Name

      1070         20          0          0         96       1292   c_w.l
       920         72          0          0          0       1060   fz_wm.l
      1250        144          0          0          0       1248   m_wm.l

    ----------------------------------------------------------------------
      3252        236          0          0        100       3600   Library Totals

    ----------------------------------------------------------------------

==============================================================================


      Code (inc. data)   RO Data    RW Data    ZI Data      Debug   

     43816       2190        604        300      43996    1585283   Grand Totals
     43816       2190        604         96      43996    1585283   ELF Image Totals (compressed)
     43816       2190        604         96          0          0   ROM Totals

==============================================================================

    Total RO  Size (Code + RO Data)                44420 (  43.38kB)
    Total RW  Size (RW Data + ZI Data)             44296 (  43.26kB)
    Total ROM Size (Code + RO Data + RW Data)      44516 (  43.47kB)

==============================================================================

